Archive member included because of file (symbol)

contiki-sky.a(contiki-sky-pla)
                              obj_sky/contiki-sky-main.o (init_platform)
contiki-sky.a(button-sensor.o)
                              contiki-sky.a(contiki-sky-pla) (button_sensor)
contiki-sky.a(ds2411.o)       obj_sky/contiki-sky-main.o (ds2411_init)
contiki-sky.a(xmem.o)         obj_sky/contiki-sky-main.o (xmem_init)
contiki-sky.a(node-id.o)      obj_sky/contiki-sky-main.o (node_id_restore)
contiki-sky.a(sensors.o)      contiki-sky.a(button-sensor.o) (sensors_changed)
contiki-sky.a(cc2420.o)       obj_sky/contiki-sky-main.o (cc2420_set_pan_addr)
contiki-sky.a(cc2420-arch.o)  contiki-sky.a(cc2420.o) (cc2420_arch_init)
contiki-sky.a(uart1.o)        obj_sky/contiki-sky-main.o (uart1_active)
contiki-sky.a(uart1-putchar.o)
                              obj_sky/contiki-sky-main.o (putchar)
contiki-sky.a(msp430.o)       contiki-sky.a(uart1.o) (msp430_add_lpm_req)
contiki-sky.a(clock.o)        obj_sky/contiki-sky-main.o (clock_init)
contiki-sky.a(leds.o)         obj_sky/contiki-sky-main.o (leds_init)
contiki-sky.a(leds-arch.o)    contiki-sky.a(leds.o) (leds_arch_init)
contiki-sky.a(watchdog.o)     obj_sky/contiki-sky-main.o (watchdog_start)
contiki-sky.a(rtimer-arch.o)  obj_sky/contiki-sky-main.o (rtimer_arch_now)
contiki-sky.a(autostart.o)    obj_sky/contiki-sky-main.o (autostart_start)
contiki-sky.a(ctimer.o)       obj_sky/contiki-sky-main.o (ctimer_init)
contiki-sky.a(energest.o)     obj_sky/contiki-sky-main.o (energest_init)
contiki-sky.a(etimer.o)       contiki-sky.a(clock.o) (etimer_request_poll)
contiki-sky.a(process.o)      contiki-sky.a(ctimer.o) (process_current)
contiki-sky.a(rtimer.o)       obj_sky/contiki-sky-main.o (rtimer_init)
contiki-sky.a(timer.o)        obj_sky/contiki-sky-main.o (timer_set)
contiki-sky.a(serial-line.o)  obj_sky/contiki-sky-main.o (serial_line_input_byte)
contiki-sky.a(ringbuf.o)      contiki-sky.a(serial-line.o) (ringbuf_init)
contiki-sky.a(list.o)         contiki-sky.a(ctimer.o) (list_init)
contiki-sky.a(random.o)       obj_sky/contiki-sky-main.o (random_init)
contiki-sky.a(rime.o)         obj_sky/contiki-sky-main.o (rime_driver)
contiki-sky.a(broadcast-annou)
                              contiki-sky.a(rime.o) (broadcast_announcement_init)
contiki-sky.a(announcement.o)
                              contiki-sky.a(rime.o) (announcement_init)
contiki-sky.a(runicast.o)     TL.co (runicast_open)
contiki-sky.a(stunicast.o)    contiki-sky.a(runicast.o) (stunicast_open)
contiki-sky.a(chameleon.o)    contiki-sky.a(rime.o) (chameleon_init)
contiki-sky.a(channel.o)      contiki-sky.a(chameleon.o) (channel_init)
contiki-sky.a(broadcast.o)    TL.co (broadcast_open)
contiki-sky.a(unicast.o)      contiki-sky.a(stunicast.o) (unicast_open)
contiki-sky.a(abc.o)          contiki-sky.a(broadcast.o) (abc_open)
contiki-sky.a(csma.o)         obj_sky/contiki-sky-main.o (csma_driver)
contiki-sky.a(mac.o)          contiki-sky.a(csma.o) (mac_call_sent_callback)
contiki-sky.a(queuebuf.o)     contiki-sky.a(rime.o) (queuebuf_init)
contiki-sky.a(packetbuf.o)    contiki-sky.a(cc2420.o) (packetbuf_set_datalen)
contiki-sky.a(linkaddr.o)     obj_sky/contiki-sky-main.o (linkaddr_copy)
contiki-sky.a(contikimac.o)   obj_sky/contiki-sky-main.o (contikimac_driver)
contiki-sky.a(contikimac-fram)
                              contiki-sky.a(contikimac.o) (contikimac_framer)
contiki-sky.a(nullsec.o)      obj_sky/contiki-sky-main.o (nullsec_driver)
contiki-sky.a(spi.o)          contiki-sky.a(xmem.o) (spi_init)
contiki-sky.a(compower.o)     contiki-sky.a(contikimac.o) (compower_idle_activity)
contiki-sky.a(memb.o)         contiki-sky.a(csma.o) (memb_init)
contiki-sky.a(chameleon-bitop)
                              contiki-sky.a(chameleon.o) (chameleon_bitopt)
contiki-sky.a(mac-sequence.o)
                              contiki-sky.a(contikimac.o) (mac_sequence_is_duplicate)
contiki-sky.a(framer-802154.o)
                              contiki-sky.a(contikimac-fram) (framer_802154)
contiki-sky.a(frame802154.o)  contiki-sky.a(framer-802154.o) (frame802154_get_pan_id)
/usr/local/bin/../lib/gcc/msp430/4.7.2/mmpy-16/libgcc.a(_mulsi3.o)
                              contiki-sky.a(csma.o) (__mulsi3)
/usr/local/bin/../lib/gcc/msp430/4.7.2/mmpy-16/libgcc.a(_udivmod32.o)
                              obj_sky/contiki-sky-main.o (__udivsi3)
/usr/local/bin/../lib/gcc/msp430/4.7.2/../../../../msp430/lib/mmpy-16/libc.a(atoi.o)
                              TL.co (atoi)
/usr/local/bin/../lib/gcc/msp430/4.7.2/../../../../msp430/lib/mmpy-16/libc.a(printf.o)
                              TL.co (printf)
/usr/local/bin/../lib/gcc/msp430/4.7.2/../../../../msp430/lib/mmpy-16/libc.a(vuprintf.o)
                              /usr/local/bin/../lib/gcc/msp430/4.7.2/../../../../msp430/lib/mmpy-16/libc.a(printf.o) (vuprintf)
/usr/local/bin/../lib/gcc/msp430/4.7.2/../../../../msp430/lib/mmpy-16/libc.a(puts.o)
                              TL.co (puts)
[...]
Memory Configuration

Name             Origin             Length             Attributes
sfr              0x00000000         0x00000010
peripheral_8bit  0x00000010         0x000000f0
peripheral_16bit 0x00000100         0x00000100
ram_mirror       0x00000200         0x00000800         xw
infomem          0x00001000         0x00000100
infob            0x00001000         0x00000080
infoa            0x00001080         0x00000080
ram              0x00001100         0x00002800         xw
rom              0x00004000         0x0000bfe0         xr
vectors          0x0000ffe0         0x00000020
bsl              0x00000000         0x00000000
infoc            0x00000000         0x00000000
infod            0x00000000         0x00000000
ram2             0x00000000         0x00000000         xw
usbram           0x00000000         0x00000000         xw
far_rom          0x00000000         0x00000000
*default*        0x00000000         0xffffffff

Linker script and memory map

LOAD /usr/local/bin/../lib/gcc/msp430/4.7.2/mmpy-16/crt0ivtbl16.o
LOAD TL.co
LOAD obj_sky/contiki-sky-main.o
LOAD contiki-sky.a
LOAD /usr/local/bin/../lib/gcc/msp430/4.7.2/mmpy-16/libgcc.a
LOAD /usr/local/bin/../lib/gcc/msp430/4.7.2/../../../../msp430/lib/mmpy-16/libc.a
LOAD /usr/local/bin/../lib/gcc/msp430/4.7.2/mmpy-16/libgcc.a
LOAD /usr/local/bin/../lib/gcc/msp430/4.7.2/mmpy-16/libcrt0.a
                0x00000080                PROVIDE (__info_segment_size, 0x80)
                0x00001000                PROVIDE (__infob, 0x1000)
                0x00001080                PROVIDE (__infoa, 0x1080)
                0x00000000                __IE1 = 0x0
                0x00000002                __IFG1 = 0x2
                0x00000004                __ME1 = 0x4
                0x00000001                __IE2 = 0x1
                0x00000003                __IFG2 = 0x3
                0x00000005                __ME2 = 0x5
                0x00000120                __WDTCTL = 0x120
                0x00000130                __MPY = 0x130
                0x00000132                __MPYS = 0x132
                0x00000134                __MAC = 0x134
                0x00000136                __MACS = 0x136
                0x00000138                __OP2 = 0x138
                0x0000013a                __RESLO = 0x13a
                0x0000013c                __RESHI = 0x13c
                0x0000013e                __SUMEXT = 0x13e
                0x00000020                __P1IN = 0x20
                0x00000021                __P1OUT = 0x21
                0x00000022                __P1DIR = 0x22
                0x00000023                __P1IFG = 0x23
                0x00000024                __P1IES = 0x24
                0x00000025                __P1IE = 0x25
                0x00000026                __P1SEL = 0x26
                0x00000028                __P2IN = 0x28
                0x00000029                __P2OUT = 0x29
                0x0000002a                __P2DIR = 0x2a
                0x0000002b                __P2IFG = 0x2b
                0x0000002c                __P2IES = 0x2c
                0x0000002d                __P2IE = 0x2d
                0x0000002e                __P2SEL = 0x2e
                0x00000018                __P3IN = 0x18
                0x00000019                __P3OUT = 0x19
                0x0000001a                __P3DIR = 0x1a
                0x0000001b                __P3SEL = 0x1b
                0x0000001c                __P4IN = 0x1c
                0x0000001d                __P4OUT = 0x1d
                0x0000001e                __P4DIR = 0x1e
                0x0000001f                __P4SEL = 0x1f
                0x00000030                __P5IN = 0x30
                0x00000031                __P5OUT = 0x31
                0x00000032                __P5DIR = 0x32
                0x00000033                __P5SEL = 0x33
                0x00000034                __P6IN = 0x34
                0x00000035                __P6OUT = 0x35
                0x00000036                __P6DIR = 0x36
                0x00000037                __P6SEL = 0x37
                0x00000070                __U0CTL = 0x70
                0x00000071                __U0TCTL = 0x71
                0x00000072                __U0RCTL = 0x72
                0x00000073                __U0MCTL = 0x73
                0x00000074                __U0BR0 = 0x74
                0x00000075                __U0BR1 = 0x75
                0x00000076                __U0RXBUF = 0x76
                0x00000077                __U0TXBUF = 0x77
                0x00000078                __U1CTL = 0x78
                0x00000079                __U1TCTL = 0x79
                0x0000007a                __U1RCTL = 0x7a
                0x0000007b                __U1MCTL = 0x7b
                0x0000007c                __U1BR0 = 0x7c
                0x0000007d                __U1BR1 = 0x7d
                0x0000007e                __U1RXBUF = 0x7e
                0x0000007f                __U1TXBUF = 0x7f
                0x00000050                __I2CIE = 0x50
                0x00000051                __I2CIFG = 0x51
                0x00000052                __I2CNDAT = 0x52
                0x00000071                __I2CTCTL = 0x71
                0x00000072                __I2CDCTL = 0x72
                0x00000073                __I2CPSC = 0x73
                0x00000074                __I2CSCLH = 0x74
                0x00000075                __I2CSCLL = 0x75
                0x00000076                __I2CDRB = 0x76
                0x00000076                __I2CDRW = 0x76
                0x00000118                __I2COA = 0x118
                0x0000011a                __I2CSA = 0x11a
                0x0000011c                __I2CIV = 0x11c
                0x0000012e                __TAIV = 0x12e
                0x00000160                __TACTL = 0x160
                0x00000162                __TACCTL0 = 0x162
                0x00000164                __TACCTL1 = 0x164
                0x00000166                __TACCTL2 = 0x166
                0x00000170                __TAR = 0x170
                0x00000172                __TACCR0 = 0x172
                0x00000174                __TACCR1 = 0x174
                0x00000176                __TACCR2 = 0x176
                0x0000011e                __TBIV = 0x11e
                0x00000180                __TBCTL = 0x180
                0x00000182                __TBCCTL0 = 0x182
                0x00000184                __TBCCTL1 = 0x184
                0x00000186                __TBCCTL2 = 0x186
                0x00000188                __TBCCTL3 = 0x188
                0x0000018a                __TBCCTL4 = 0x18a
                0x0000018c                __TBCCTL5 = 0x18c
                0x0000018e                __TBCCTL6 = 0x18e
                0x00000190                __TBR = 0x190
                0x00000192                __TBCCR0 = 0x192
                0x00000194                __TBCCR1 = 0x194
                0x00000196                __TBCCR2 = 0x196
                0x00000198                __TBCCR3 = 0x198
                0x0000019a                __TBCCR4 = 0x19a
                0x0000019c                __TBCCR5 = 0x19c
                0x0000019e                __TBCCR6 = 0x19e
                0x00000056                __DCOCTL = 0x56
                0x00000057                __BCSCTL1 = 0x57
                0x00000058                __BCSCTL2 = 0x58
                0x00000055                __SVSCTL = 0x55
                0x00000128                __FCTL1 = 0x128
                0x0000012a                __FCTL2 = 0x12a
                0x0000012c                __FCTL3 = 0x12c
                0x00000059                __CACTL1 = 0x59
                0x0000005a                __CACTL2 = 0x5a
                0x0000005b                __CAPD = 0x5b
                0x000001a0                __ADC12CTL0 = 0x1a0
                0x000001a2                __ADC12CTL1 = 0x1a2
                0x000001a4                __ADC12IFG = 0x1a4
                0x000001a6                __ADC12IE = 0x1a6
                0x000001a8                __ADC12IV = 0x1a8
                0x00000140                __ADC12MEM0 = 0x140
                0x00000142                __ADC12MEM1 = 0x142
                0x00000144                __ADC12MEM2 = 0x144
                0x00000146                __ADC12MEM3 = 0x146
                0x00000148                __ADC12MEM4 = 0x148
                0x0000014a                __ADC12MEM5 = 0x14a
                0x0000014c                __ADC12MEM6 = 0x14c
                0x0000014e                __ADC12MEM7 = 0x14e
                0x00000150                __ADC12MEM8 = 0x150
                0x00000152                __ADC12MEM9 = 0x152
                0x00000154                __ADC12MEM10 = 0x154
                0x00000156                __ADC12MEM11 = 0x156
                0x00000158                __ADC12MEM12 = 0x158
                0x0000015a                __ADC12MEM13 = 0x15a
                0x0000015c                __ADC12MEM14 = 0x15c
                0x0000015e                __ADC12MEM15 = 0x15e
                0x00000080                __ADC12MCTL0 = 0x80
                0x00000081                __ADC12MCTL1 = 0x81
                0x00000082                __ADC12MCTL2 = 0x82
                0x00000083                __ADC12MCTL3 = 0x83
                0x00000084                __ADC12MCTL4 = 0x84
                0x00000085                __ADC12MCTL5 = 0x85
                0x00000086                __ADC12MCTL6 = 0x86
                0x00000087                __ADC12MCTL7 = 0x87
                0x00000088                __ADC12MCTL8 = 0x88
                0x00000089                __ADC12MCTL9 = 0x89
                0x0000008a                __ADC12MCTL10 = 0x8a
                0x0000008b                __ADC12MCTL11 = 0x8b
                0x0000008c                __ADC12MCTL12 = 0x8c
                0x0000008d                __ADC12MCTL13 = 0x8d
                0x0000008e                __ADC12MCTL14 = 0x8e
                0x0000008f                __ADC12MCTL15 = 0x8f
                0x000001c0                __DAC12_0CTL = 0x1c0
                0x000001c2                __DAC12_1CTL = 0x1c2
                0x000001c8                __DAC12_0DAT = 0x1c8
                0x000001ca                __DAC12_1DAT = 0x1ca
                0x00000122                __DMACTL0 = 0x122
                0x00000124                __DMACTL1 = 0x124
                0x000001e0                __DMA0CTL = 0x1e0
                0x000001e8                __DMA1CTL = 0x1e8
                0x000001f0                __DMA2CTL = 0x1f0
                0x000001e2                __DMA0SA = 0x1e2
                0x000001e4                __DMA0DA = 0x1e4
                0x000001e6                __DMA0SZ = 0x1e6
                0x000001ea                __DMA1SA = 0x1ea
                0x000001ec                __DMA1DA = 0x1ec
                0x000001ee                __DMA1SZ = 0x1ee
                0x000001f2                __DMA2SA = 0x1f2
                0x000001f4                __DMA2DA = 0x1f4
                0x000001f6                __DMA2SZ = 0x1f6

.hash
 *(.hash)

.dynsym
 *(.dynsym)

.dynstr
 *(.dynstr)

.gnu.version
 *(.gnu.version)

.gnu.version_d
 *(.gnu.version_d)

.gnu.version_r
 *(.gnu.version_r)

.rel.init
 *(.rel.init)

.rela.init
 *(.rela.init)

.rel.fini
 *(.rel.fini)

.rela.fini
 *(.rela.fini)

.rel.text
 *(.rel.text .rel.text.* .rel.gnu.linkonce.t.*)

.rela.text
 *(.rela.text .rela.text.* .rela.gnu.linkonce.t.*)

.rel.rodata
 *(.rel.rodata .rel.rodata.* .rel.gnu.linkonce.r.*)

.rela.rodata
 *(.rela.rodata .rela.rodata.* .rela.gnu.linkonce.r.*)

.rel.data
 *(.rel.data .rel.data.* .rel.gnu.linkonce.d.*)

.rela.data
 *(.rela.data .rela.data.* .rela.gnu.linkonce.d.*)

.rel.bss
 *(.rel.bss .rel.bss.* .rel.gnu.linkonce.b.*)

.rela.bss
 *(.rela.bss .rela.bss.* .rela.gnu.linkonce.b.*)

.rel.ctors
 *(.rel.ctors)

.rela.ctors
 *(.rela.ctors)

.rel.dtors
 *(.rel.dtors)

.rela.dtors
 *(.rela.dtors)

.rel.got
 *(.rel.got)

.rela.got
 *(.rela.got)

.rel.plt
 *(.rel.plt)

.rela.plt
 *(.rela.plt)

.text           0x00004000     0x557e
                0x00004000                . = ALIGN (0x2)
 *(.init .init.*)
 *(.init0)
 .init0         0x00004000        0x0 /usr/local/bin/../lib/gcc/msp430/4.7.2/mmpy-16/libcrt0.a(_reset_vector__.o)
                0x00004000                _reset_vector__
 *(.init1)
 .init1         0x00004000        0xc /usr/local/bin/../lib/gcc/msp430/4.7.2/mmpy-16/libcrt0.a(__watchdog_support.o)
                0x00004000                __watchdog_support
 *(.init2)
 .init2         0x0000400c        0x4 /usr/local/bin/../lib/gcc/msp430/4.7.2/mmpy-16/libcrt0.a(__init_stack.o)
                0x0000400c                __init_stack
 *(.init3)
 .init3         0x00004010        0x0 /usr/local/bin/../lib/gcc/msp430/4.7.2/mmpy-16/libcrt0.a(__low_level_init.o)
                0x00004010                __low_level_init
 *(.init4)
 .init4         0x00004010       0x18 /usr/local/bin/../lib/gcc/msp430/4.7.2/mmpy-16/libcrt0.a(_copy_data.o)
                0x00004010                __do_copy_data
 .init4         0x00004028       0x16 /usr/local/bin/../lib/gcc/msp430/4.7.2/mmpy-16/libcrt0.a(_clear_bss.o)
                0x00004028                __do_clear_bss
 *(.init5)
 *(.init6)
 *(.init7)
 *(.init8)
 *(.init9)
 .init9         0x0000403e      0x2d8 obj_sky/contiki-sky-main.o
                0x0000403e                main
 *(.fini9)
 .fini9         0x00004316        0x0 /usr/local/bin/../lib/gcc/msp430/4.7.2/mmpy-16/libcrt0.a(__stop_progExec__.o)
                0x00004316                __stop_progExec__
 *(.fini8)
 *(.fini7)
 *(.fini6)
 *(.fini5)
 *(.fini4)
 *(.fini3)
 *(.fini2)
 *(.fini1)
 *(.fini0)
 .fini0         0x00004316        0x6 /usr/local/bin/../lib/gcc/msp430/4.7.2/mmpy-16/libcrt0.a(_endless_loop__.o)
                0x00004316                _endless_loop__
 *(.fini .fini.*)
                0x0000431c                . = ALIGN (0x2)
                0x0000431c                __ctors_start = .
 *(.ctors)
                0x0000431c                __ctors_end = .
                0x0000431c                __dtors_start = .
 *(.dtors)
                0x0000431c                __dtors_end = .
                0x0000431c                . = ALIGN (0x2)
 *(.text .text.* .gnu.linkonce.t.*)
 .text          0x0000431c        0x4 /usr/local/bin/../lib/gcc/msp430/4.7.2/mmpy-16/crt0ivtbl16.o
                0x0000431c                __isr_14
                0x0000431c                __isr_11
                0x0000431c                __isr_2
                0x0000431c                __isr_7
                0x0000431c                __isr_0
                0x0000431c                __isr_8
                0x0000431c                __isr_3
                0x0000431c                __isr_12
                0x0000431c                __isr_13
                0x0000431c                __isr_9
 .text.process_thread_ToggleLed
                0x00004320       0x76 TL.co
 .text.timedout_runicast
                0x00004396       0x1a TL.co
 .text.sent_runicast
                0x000043b0       0x1a TL.co
 .text.recv_runicast
                0x000043ca       0x3a TL.co
 .text.recv_broadcast
                0x00004404       0x34 TL.co
 .text.schedule.constprop.0
                0x00004438       0xbc TL.co
 .text.process_thread_TrafficScheduler
                0x000044f4      0x1c8 TL.co
 .text.init_platform
                0x000046bc        0xc contiki-sky.a(contiki-sky-pla)
                0x000046bc                init_platform
 .text.status   0x000046c8       0x18 contiki-sky.a(button-sensor.o)
 .text.value    0x000046e0       0x20 contiki-sky.a(button-sensor.o)
 .text.configure
                0x00004700       0x4c contiki-sky.a(button-sensor.o)
 .text.irq_p2   0x0000474c       0x88 contiki-sky.a(button-sensor.o)
                0x0000474c                irq_p2
                0x0000474c                __isr_1
 .text.owreadb  0x000047d4       0x50 contiki-sky.a(ds2411.o)
 .text.ds2411_init
                0x00004824      0x120 contiki-sky.a(ds2411.o)
                0x00004824                ds2411_init
 .text.wait_ready
                0x00004944       0x4a contiki-sky.a(xmem.o)
 .text.xmem_init
                0x0000498e       0x3c contiki-sky.a(xmem.o)
                0x0000498e                xmem_init
 .text.xmem_pread
                0x000049ca       0xda contiki-sky.a(xmem.o)
                0x000049ca                xmem_pread
 .text.node_id_restore
                0x00004aa4       0x38 contiki-sky.a(node-id.o)
                0x00004aa4                node_id_restore
 .text.process_thread_sensors_process
                0x00004adc       0xc2 contiki-sky.a(sensors.o)
 .text.sensors_changed
                0x00004b9e       0x2a contiki-sky.a(sensors.o)
                0x00004b9e                sensors_changed
 .text.get_object
                0x00004bc8        0x4 contiki-sky.a(cc2420.o)
 .text.set_object
                0x00004bcc        0x4 contiki-sky.a(cc2420.o)
 .text.strobe   0x00004bd0       0x1c contiki-sky.a(cc2420.o)
 .text.getreg   0x00004bec       0x4c contiki-sky.a(cc2420.o)
 .text.setreg   0x00004c38       0x4c contiki-sky.a(cc2420.o)
 .text.write_ram
                0x00004c84       0x7c contiki-sky.a(cc2420.o)
 .text.write_fifo_buf
                0x00004d00       0x3c contiki-sky.a(cc2420.o)
 .text.get_status
                0x00004d3c       0x20 contiki-sky.a(cc2420.o)
 .text.set_txpower
                0x00004d5c       0x24 contiki-sky.a(cc2420.o)
 .text.cc2420_receiving_packet
                0x00004d80        0xc contiki-sky.a(cc2420.o)
 .text.pending_packet
                0x00004d8c        0x8 contiki-sky.a(cc2420.o)
 .text.on       0x00004d94       0x26 contiki-sky.a(cc2420.o)
 .text.wait_for_transmission
                0x00004dba       0x22 contiki-sky.a(cc2420.o)
 .text.wait_for_status
                0x00004ddc       0x28 contiki-sky.a(cc2420.o)
 .text.getrxdata
                0x00004e04       0x50 contiki-sky.a(cc2420.o)
 .text.flushrx  0x00004e54       0x1a contiki-sky.a(cc2420.o)
 .text.off      0x00004e6e       0x5e contiki-sky.a(cc2420.o)
 .text.RELEASE_LOCK
                0x00004ecc       0x28 contiki-sky.a(cc2420.o)
 .text.set_key  0x00004ef4       0x18 contiki-sky.a(cc2420.o)
 .text.set_frame_filtering
                0x00004f0c       0x30 contiki-sky.a(cc2420.o)
 .text.set_auto_ack
                0x00004f3c       0x30 contiki-sky.a(cc2420.o)
 .text.set_poll_mode
                0x00004f6c       0x2c contiki-sky.a(cc2420.o)
 .text.cc2420_prepare
                0x00004f98       0x3c contiki-sky.a(cc2420.o)
 .text.cc2420_on
                0x00004fd4       0x22 contiki-sky.a(cc2420.o)
                0x00004fd4                cc2420_on
 .text.cc2420_off
                0x00004ff6       0x30 contiki-sky.a(cc2420.o)
                0x00004ff6                cc2420_off
 .text.cc2420_cca
                0x00005026       0x68 contiki-sky.a(cc2420.o)
 .text.cc2420_read
                0x0000508e       0xbc contiki-sky.a(cc2420.o)
 .text.process_thread_cc2420_process
                0x0000514a       0x5c contiki-sky.a(cc2420.o)
 .text.encrypt  0x000051a6       0x88 contiki-sky.a(cc2420.o)
 .text.cc2420_set_channel
                0x0000522e       0x3c contiki-sky.a(cc2420.o)
                0x0000522e                cc2420_set_channel
 .text.cc2420_set_pan_addr
                0x0000526a       0x4c contiki-sky.a(cc2420.o)
                0x0000526a                cc2420_set_pan_addr
 .text.cc2420_interrupt
                0x000052b6       0x16 contiki-sky.a(cc2420.o)
                0x000052b6                cc2420_interrupt
 .text.cc2420_set_txpower
                0x000052cc        0xe contiki-sky.a(cc2420.o)
                0x000052cc                cc2420_set_txpower
 .text.cc2420_get_txpower
                0x000052da       0x1e contiki-sky.a(cc2420.o)
                0x000052da                cc2420_get_txpower
 .text.cc2420_transmit
                0x000052f8      0x136 contiki-sky.a(cc2420.o)
 .text.cc2420_send
                0x0000542e       0x12 contiki-sky.a(cc2420.o)
 .text.cc2420_rssi
                0x00005440       0x4c contiki-sky.a(cc2420.o)
                0x00005440                cc2420_rssi
 .text.get_value
                0x0000548c      0x104 contiki-sky.a(cc2420.o)
 .text.cc2420_set_cca_threshold
                0x00005590       0x16 contiki-sky.a(cc2420.o)
                0x00005590                cc2420_set_cca_threshold
 .text.set_value
                0x000055a6       0xb8 contiki-sky.a(cc2420.o)
 .text.cc2420_init
                0x0000565e       0xea contiki-sky.a(cc2420.o)
                0x0000565e                cc2420_init
 .text.cc2420_port1_interrupt
                0x00005748       0x62 contiki-sky.a(cc2420-arch.o)
                0x00005748                __isr_4
                0x00005748                cc2420_port1_interrupt
 .text.cc2420_arch_init
                0x000057aa       0x1a contiki-sky.a(cc2420-arch.o)
                0x000057aa                cc2420_arch_init
 .text.handle_rxdma_timer
                0x000057c4       0x3a contiki-sky.a(uart1.o)
 .text.uart1_active
                0x000057fe       0x18 contiki-sky.a(uart1.o)
                0x000057fe                uart1_active
 .text.uart1_set_input
                0x00005816       0x20 contiki-sky.a(uart1.o)
                0x00005816                uart1_set_input
 .text.uart1_writeb
                0x00005836       0x18 contiki-sky.a(uart1.o)
                0x00005836                uart1_writeb
 .text.uart1_init
                0x0000584e       0xf4 contiki-sky.a(uart1.o)
                0x0000584e                uart1_init
 .text.putchar  0x00005942       0x10 contiki-sky.a(uart1-putchar.o)
                0x00005942                putchar
 .text.msp430_init_dco
                0x00005952       0x82 contiki-sky.a(msp430.o)
                0x00005952                msp430_init_dco
 .text.msp430_add_lpm_req
                0x000059d4        0xc contiki-sky.a(msp430.o)
                0x000059d4                msp430_add_lpm_req
 .text.msp430_cpu_init
                0x000059e0       0x2a contiki-sky.a(msp430.o)
                0x000059e0                msp430_cpu_init
 .text.splhigh_
                0x00005a0a        0x8 contiki-sky.a(msp430.o)
                0x00005a0a                splhigh_
 .text.msp430_sync_dco
                0x00005a12       0x6c contiki-sky.a(msp430.o)
                0x00005a12                msp430_sync_dco
 .text.timera1  0x00005a7e      0x11e contiki-sky.a(clock.o)
                0x00005a7e                __isr_5
                0x00005a7e                timera1
 .text.clock_time
                0x00005b9c       0x1a contiki-sky.a(clock.o)
                0x00005b9c                clock_time
 .text.clock_init
                0x00005bb6       0x28 contiki-sky.a(clock.o)
                0x00005bb6                clock_init
 .text.clock_delay
                0x00005bde        0xc contiki-sky.a(clock.o)
                0x00005bde                clock_delay
 .text.show_leds
                0x00005bea       0xf0 contiki-sky.a(leds.o)
 .text.leds_init
                0x00005cda        0xa contiki-sky.a(leds.o)
                0x00005cda                leds_init
 .text.leds_on  0x00005ce4        0xa contiki-sky.a(leds.o)
                0x00005ce4                leds_on
 .text.leds_off
                0x00005cee        0xe contiki-sky.a(leds.o)
                0x00005cee                leds_off
 .text.leds_toggle
                0x00005cfc        0xa contiki-sky.a(leds.o)
                0x00005cfc                leds_toggle
 .text.leds_arch_init
                0x00005d06        0xe contiki-sky.a(leds-arch.o)
                0x00005d06                leds_arch_init
 .text.leds_arch_set
                0x00005d14       0x38 contiki-sky.a(leds-arch.o)
                0x00005d14                leds_arch_set
 .text.watchdog_interrupt
                0x00005d4c        0x6 contiki-sky.a(watchdog.o)
                0x00005d4c                __isr_10
                0x00005d4c                watchdog_interrupt
 .text.watchdog_start
                0x00005d52       0x14 contiki-sky.a(watchdog.o)
                0x00005d52                watchdog_start
 .text.watchdog_periodic
                0x00005d66       0x12 contiki-sky.a(watchdog.o)
                0x00005d66                watchdog_periodic
 .text.watchdog_stop
                0x00005d78       0x16 contiki-sky.a(watchdog.o)
                0x00005d78                watchdog_stop
 .text.watchdog_init
                0x00005d8e       0x12 contiki-sky.a(watchdog.o)
                0x00005d8e                watchdog_init
 .text.rtimer_arch_init
                0x00005da0        0xe contiki-sky.a(rtimer-arch.o)
                0x00005da0                rtimer_arch_init
 .text.rtimer_arch_now
                0x00005dae        0xe contiki-sky.a(rtimer-arch.o)
                0x00005dae                rtimer_arch_now
 .text.timera0  0x00005dbc       0x70 contiki-sky.a(rtimer-arch.o)
                0x00005dbc                __isr_6
                0x00005dbc                timera0
 .text.rtimer_arch_schedule
                0x00005e2c        0x6 contiki-sky.a(rtimer-arch.o)
                0x00005e2c                rtimer_arch_schedule
 .text.autostart_start
                0x00005e32       0x16 contiki-sky.a(autostart.o)
                0x00005e32                autostart_start
 .text.process_thread_ctimer_process
                0x00005e48       0xa8 contiki-sky.a(ctimer.o)
 .text.ctimer_init
                0x00005ef0       0x18 contiki-sky.a(ctimer.o)
                0x00005ef0                ctimer_init
 .text.ctimer_set_with_process
                0x00005f08       0x4e contiki-sky.a(ctimer.o)
                0x00005f08                ctimer_set_with_process
 .text.ctimer_set
                0x00005f56       0x10 contiki-sky.a(ctimer.o)
                0x00005f56                ctimer_set
 .text.ctimer_reset
                0x00005f66       0x30 contiki-sky.a(ctimer.o)
                0x00005f66                ctimer_reset
 .text.ctimer_stop
                0x00005f96       0x28 contiki-sky.a(ctimer.o)
                0x00005f96                ctimer_stop
 .text.energest_init
                0x00005fbe       0x26 contiki-sky.a(energest.o)
                0x00005fbe                energest_init
 .text.energest_type_time
                0x00005fe4       0x48 contiki-sky.a(energest.o)
                0x00005fe4                energest_type_time
 .text.energest_type_set
                0x0000602c        0xe contiki-sky.a(energest.o)
                0x0000602c                energest_type_set
 .text.energest_flush
                0x0000603a       0x48 contiki-sky.a(energest.o)
                0x0000603a                energest_flush
 .text.update_time
                0x00006082       0x78 contiki-sky.a(etimer.o)
 .text.etimer_request_poll
                0x000060fa        0xa contiki-sky.a(etimer.o)
                0x000060fa                etimer_request_poll
 .text.process_thread_etimer_process
                0x00006104       0xcc contiki-sky.a(etimer.o)
 .text.add_timer
                0x000061d0       0x40 contiki-sky.a(etimer.o)
 .text.etimer_set
                0x00006210       0x12 contiki-sky.a(etimer.o)
                0x00006210                etimer_set
 .text.etimer_reset
                0x00006222       0x12 contiki-sky.a(etimer.o)
                0x00006222                etimer_reset
 .text.etimer_expired
                0x00006234        0xe contiki-sky.a(etimer.o)
                0x00006234                etimer_expired
 .text.etimer_pending
                0x00006242        0xc contiki-sky.a(etimer.o)
                0x00006242                etimer_pending
 .text.etimer_next_expiration_time
                0x0000624e       0x16 contiki-sky.a(etimer.o)
                0x0000624e                etimer_next_expiration_time
 .text.etimer_stop
                0x00006264       0x3e contiki-sky.a(etimer.o)
                0x00006264                etimer_stop
 .text.call_process
                0x000062a2       0x46 contiki-sky.a(process.o)
 .text.exit_process
                0x000062e8       0x96 contiki-sky.a(process.o)
 .text.do_poll  0x0000637e       0x30 contiki-sky.a(process.o)
 .text.process_alloc_event
                0x000063ae        0xe contiki-sky.a(process.o)
                0x000063ae                process_alloc_event
 .text.process_exit
                0x000063bc        0xa contiki-sky.a(process.o)
                0x000063bc                process_exit
 .text.process_init
                0x000063c6       0x1c contiki-sky.a(process.o)
                0x000063c6                process_init
 .text.process_run
                0x000063e2       0x92 contiki-sky.a(process.o)
                0x000063e2                process_run
 .text.process_nevents
                0x00006474        0xe contiki-sky.a(process.o)
                0x00006474                process_nevents
 .text.process_post
                0x00006482       0x4e contiki-sky.a(process.o)
                0x00006482                process_post
 .text.process_post_synch
                0x000064d0       0x12 contiki-sky.a(process.o)
                0x000064d0                process_post_synch
 .text.process_start
                0x000064e2       0x36 contiki-sky.a(process.o)
                0x000064e2                process_start
 .text.process_poll
                0x00006518       0x18 contiki-sky.a(process.o)
                0x00006518                process_poll
 .text.rtimer_init
                0x00006530        0x6 contiki-sky.a(rtimer.o)
                0x00006530                rtimer_init
 .text.rtimer_set
                0x00006536       0x24 contiki-sky.a(rtimer.o)
                0x00006536                rtimer_set
 .text.rtimer_run_next
                0x0000655a       0x26 contiki-sky.a(rtimer.o)
                0x0000655a                rtimer_run_next
 .text.timer_set
                0x00006580       0x1c contiki-sky.a(timer.o)
                0x00006580                timer_set
 .text.timer_reset
                0x0000659c        0xe contiki-sky.a(timer.o)
                0x0000659c                timer_reset
 .text.timer_expired
                0x000065aa       0x2a contiki-sky.a(timer.o)
                0x000065aa                timer_expired
 .text.process_thread_serial_line_process
                0x000065d4       0x9e contiki-sky.a(serial-line.o)
 .text.serial_line_input_byte
                0x00006672       0x4a contiki-sky.a(serial-line.o)
                0x00006672                serial_line_input_byte
 .text.serial_line_init
                0x000066bc       0x1c contiki-sky.a(serial-line.o)
                0x000066bc                serial_line_init
 .text.ringbuf_init
                0x000066d8       0x14 contiki-sky.a(ringbuf.o)
                0x000066d8                ringbuf_init
 .text.ringbuf_put
                0x000066ec       0x38 contiki-sky.a(ringbuf.o)
                0x000066ec                ringbuf_put
 .text.ringbuf_get
                0x00006724       0x32 contiki-sky.a(ringbuf.o)
                0x00006724                ringbuf_get
 .text.list_init
                0x00006756        0x6 contiki-sky.a(list.o)
                0x00006756                list_init
 .text.list_head
                0x0000675c        0x4 contiki-sky.a(list.o)
                0x0000675c                list_head
 .text.list_tail
                0x00006760       0x12 contiki-sky.a(list.o)
                0x00006760                list_tail
 .text.list_remove
                0x00006772       0x34 contiki-sky.a(list.o)
                0x00006772                list_remove
 .text.list_push
                0x000067a6       0x1a contiki-sky.a(list.o)
                0x000067a6                list_push
 .text.list_add
                0x000067c0       0x2a contiki-sky.a(list.o)
                0x000067c0                list_add
 .text.list_length
                0x000067ea       0x10 contiki-sky.a(list.o)
                0x000067ea                list_length
 .text.list_item_next
                0x000067fa        0xc contiki-sky.a(list.o)
                0x000067fa                list_item_next
 .text.random_init
                0x00006806        0x6 contiki-sky.a(random.o)
                0x00006806                random_init
 .text.random_rand
                0x0000680c        0x6 contiki-sky.a(random.o)
                0x0000680c                random_rand
 .text.input    0x00006812       0x3a contiki-sky.a(rime.o)
 .text.init     0x0000684c       0x2e contiki-sky.a(rime.o)
 .text.packet_sent
                0x0000687a       0x44 contiki-sky.a(rime.o)
 .text.rime_output
                0x000068be       0x24 contiki-sky.a(rime.o)
                0x000068be                rime_output
 .text.adv_packet_sent
                0x000068e2        0x2 contiki-sky.a(broadcast-annou)
 .text.adv_packet_received
                0x000068e4       0x64 contiki-sky.a(broadcast-annou)
 .text.set_timers
                0x00006948       0x4a contiki-sky.a(broadcast-annou)
 .text.send_timer
                0x00006992       0x32 contiki-sky.a(broadcast-annou)
 .text.send_adv
                0x000069c4       0x66 contiki-sky.a(broadcast-annou)
 .text.new_announcement
                0x00006a2a       0x18 contiki-sky.a(broadcast-annou)
 .text.broadcast_announcement_init
                0x00006a42       0x48 contiki-sky.a(broadcast-annou)
                0x00006a42                broadcast_announcement_init
 .text.announcement_init
                0x00006a8a        0xa contiki-sky.a(announcement.o)
                0x00006a8a                announcement_init
 .text.announcement_register_observer_callback
                0x00006a94        0x6 contiki-sky.a(announcement.o)
                0x00006a94                announcement_register_observer_callback
 .text.announcement_list
                0x00006a9a        0xa contiki-sky.a(announcement.o)
                0x00006a9a                announcement_list
 .text.announcement_heard
                0x00006aa4       0x42 contiki-sky.a(announcement.o)
                0x00006aa4                announcement_heard
 .text.sent_by_stunicast
                0x00006ae6       0x5e contiki-sky.a(runicast.o)
 .text.recv_from_stunicast
                0x00006b44       0x9e contiki-sky.a(runicast.o)
 .text.runicast_open
                0x00006be2       0x36 contiki-sky.a(runicast.o)
                0x00006be2                runicast_open
 .text.recv_from_uc
                0x00006c18        0xe contiki-sky.a(stunicast.o)
 .text.sent_by_uc
                0x00006c26       0x10 contiki-sky.a(stunicast.o)
 .text.stunicast_open
                0x00006c36       0x1a contiki-sky.a(stunicast.o)
                0x00006c36                stunicast_open
 .text.stunicast_receiver
                0x00006c50        0x6 contiki-sky.a(stunicast.o)
                0x00006c50                stunicast_receiver
 .text.stunicast_send
                0x00006c56        0x6 contiki-sky.a(stunicast.o)
                0x00006c56                stunicast_send
 .text.stunicast_cancel
                0x00006c5c       0x20 contiki-sky.a(stunicast.o)
                0x00006c5c                stunicast_cancel
 .text.chameleon_init
                0x00006c7c        0x6 contiki-sky.a(chameleon.o)
                0x00006c7c                chameleon_init
 .text.chameleon_parse
                0x00006c82       0x10 contiki-sky.a(chameleon.o)
                0x00006c82                chameleon_parse
 .text.chameleon_create
                0x00006c92       0x1c contiki-sky.a(chameleon.o)
                0x00006c92                chameleon_create
 .text.chameleon_hdrsize
                0x00006cae        0x6 contiki-sky.a(chameleon.o)
                0x00006cae                chameleon_hdrsize
 .text.channel_init
                0x00006cb4        0xa contiki-sky.a(channel.o)
                0x00006cb4                channel_init
 .text.channel_open
                0x00006cbe       0x10 contiki-sky.a(channel.o)
                0x00006cbe                channel_open
 .text.channel_close
                0x00006cce        0xc contiki-sky.a(channel.o)
                0x00006cce                channel_close
 .text.channel_lookup
                0x00006cda       0x20 contiki-sky.a(channel.o)
                0x00006cda                channel_lookup
 .text.channel_set_attributes
                0x00006cfa       0x24 contiki-sky.a(channel.o)
                0x00006cfa                channel_set_attributes
 .text.sent_by_abc
                0x00006d1e       0x10 contiki-sky.a(broadcast.o)
 .text.recv_from_abc
                0x00006d2e       0x26 contiki-sky.a(broadcast.o)
 .text.broadcast_open
                0x00006d54       0x2a contiki-sky.a(broadcast.o)
                0x00006d54                broadcast_open
 .text.broadcast_close
                0x00006d7e        0x6 contiki-sky.a(broadcast.o)
                0x00006d7e                broadcast_close
 .text.broadcast_send
                0x00006d84       0x1a contiki-sky.a(broadcast.o)
                0x00006d84                broadcast_send
 .text.sent_by_broadcast
                0x00006d9e       0x10 contiki-sky.a(unicast.o)
 .text.recv_from_broadcast
                0x00006dae       0x2e contiki-sky.a(unicast.o)
 .text.unicast_open
                0x00006ddc       0x2a contiki-sky.a(unicast.o)
                0x00006ddc                unicast_open
 .text.unicast_send
                0x00006e06       0x16 contiki-sky.a(unicast.o)
                0x00006e06                unicast_send
 .text.abc_open
                0x00006e1c       0x26 contiki-sky.a(abc.o)
                0x00006e1c                abc_open
 .text.abc_close
                0x00006e42        0x6 contiki-sky.a(abc.o)
                0x00006e42                abc_close
 .text.abc_send
                0x00006e48        0x6 contiki-sky.a(abc.o)
                0x00006e48                abc_send
 .text.abc_input
                0x00006e4e        0xe contiki-sky.a(abc.o)
                0x00006e4e                abc_input
 .text.abc_sent
                0x00006e5c       0x10 contiki-sky.a(abc.o)
                0x00006e5c                abc_sent
 .text.input_packet
                0x00006e6c        0x6 contiki-sky.a(csma.o)
 .text.on       0x00006e72        0x6 contiki-sky.a(csma.o)
 .text.off      0x00006e78        0x6 contiki-sky.a(csma.o)
 .text.channel_check_interval
                0x00006e7e       0x10 contiki-sky.a(csma.o)
 .text.transmit_packet_list
                0x00006e8e       0x24 contiki-sky.a(csma.o)
 .text.schedule_transmission
                0x00006eb2       0x94 contiki-sky.a(csma.o)
 .text.init     0x00006f46       0x1a contiki-sky.a(csma.o)
 .text.tx_done  0x00006f60       0x92 contiki-sky.a(csma.o)
 .text.send_packet
                0x00006ff2      0x170 contiki-sky.a(csma.o)
 .text.packet_sent
                0x00007162       0xd6 contiki-sky.a(csma.o)
 .text.mac_call_sent_callback
                0x00007238       0x14 contiki-sky.a(mac.o)
                0x00007238                mac_call_sent_callback
 .text.queuebuf_init
                0x0000724c       0x12 contiki-sky.a(queuebuf.o)
                0x0000724c                queuebuf_init
 .text.queuebuf_new_from_packetbuf
                0x0000725e       0x52 contiki-sky.a(queuebuf.o)
                0x0000725e                queuebuf_new_from_packetbuf
 .text.queuebuf_update_attr_from_packetbuf
                0x000072b0       0x12 contiki-sky.a(queuebuf.o)
                0x000072b0                queuebuf_update_attr_from_packetbuf
 .text.queuebuf_update_from_packetbuf
                0x000072c2       0x22 contiki-sky.a(queuebuf.o)
                0x000072c2                queuebuf_update_from_packetbuf
 .text.queuebuf_free
                0x000072e4       0x2a contiki-sky.a(queuebuf.o)
                0x000072e4                queuebuf_free
 .text.queuebuf_to_packetbuf
                0x0000730e       0x32 contiki-sky.a(queuebuf.o)
                0x0000730e                queuebuf_to_packetbuf
 .text.queuebuf_attr
                0x00007340        0xe contiki-sky.a(queuebuf.o)
                0x00007340                queuebuf_attr
 .text.packetbuf_hdrreduce
                0x0000734e       0x1a contiki-sky.a(packetbuf.o)
                0x0000734e                packetbuf_hdrreduce
 .text.packetbuf_set_datalen
                0x00007368        0x6 contiki-sky.a(packetbuf.o)
                0x00007368                packetbuf_set_datalen
 .text.packetbuf_hdrptr
                0x0000736e        0x6 contiki-sky.a(packetbuf.o)
                0x0000736e                packetbuf_hdrptr
 .text.packetbuf_datalen
                0x00007374        0x6 contiki-sky.a(packetbuf.o)
                0x00007374                packetbuf_datalen
 .text.packetbuf_hdrlen
                0x0000737a        0xa contiki-sky.a(packetbuf.o)
                0x0000737a                packetbuf_hdrlen
 .text.packetbuf_dataptr
                0x00007384        0xc contiki-sky.a(packetbuf.o)
                0x00007384                packetbuf_dataptr
 .text.packetbuf_copyto
                0x00007390       0x46 contiki-sky.a(packetbuf.o)
                0x00007390                packetbuf_copyto
 .text.packetbuf_compact
                0x000073d6       0x44 contiki-sky.a(packetbuf.o)
                0x000073d6                packetbuf_compact
 .text.packetbuf_totlen
                0x0000741a        0xc contiki-sky.a(packetbuf.o)
                0x0000741a                packetbuf_totlen
 .text.packetbuf_hdralloc
                0x00007426       0x3c contiki-sky.a(packetbuf.o)
                0x00007426                packetbuf_hdralloc
 .text.packetbuf_attr_clear
                0x00007462       0x2c contiki-sky.a(packetbuf.o)
                0x00007462                packetbuf_attr_clear
 .text.packetbuf_clear
                0x0000748e       0x12 contiki-sky.a(packetbuf.o)
                0x0000748e                packetbuf_clear
 .text.packetbuf_copyfrom
                0x000074a0       0x2e contiki-sky.a(packetbuf.o)
                0x000074a0                packetbuf_copyfrom
 .text.packetbuf_attr_copyto
                0x000074ce       0x20 contiki-sky.a(packetbuf.o)
                0x000074ce                packetbuf_attr_copyto
 .text.packetbuf_attr_copyfrom
                0x000074ee       0x22 contiki-sky.a(packetbuf.o)
                0x000074ee                packetbuf_attr_copyfrom
 .text.packetbuf_holds_broadcast
                0x00007510        0xe contiki-sky.a(packetbuf.o)
                0x00007510                packetbuf_holds_broadcast
 .text.linkaddr_copy
                0x0000751e        0xc contiki-sky.a(linkaddr.o)
                0x0000751e                linkaddr_copy
 .text.linkaddr_cmp
                0x0000752a       0x12 contiki-sky.a(linkaddr.o)
                0x0000752a                linkaddr_cmp
 .text.linkaddr_set_node_addr
                0x0000753c        0xc contiki-sky.a(linkaddr.o)
                0x0000753c                linkaddr_set_node_addr
 .text.duty_cycle
                0x00007548        0x6 contiki-sky.a(contikimac.o)
 .text.init     0x0000754e       0x2a contiki-sky.a(contikimac.o)
 .text.on       0x00007578       0x1a contiki-sky.a(contikimac.o)
 .text.off      0x00007592       0x22 contiki-sky.a(contikimac.o)
 .text.recv_burst_off
                0x000075b4        0xa contiki-sky.a(contikimac.o)
 .text.turn_off
                0x000075be       0x20 contiki-sky.a(contikimac.o)
 .text.turn_on  0x000075de       0x30 contiki-sky.a(contikimac.o)
 .text.schedule_powercycle_fixed.part.4
                0x0000760e       0x32 contiki-sky.a(contikimac.o)
 .text.powercycle_turn_radio_off
                0x00007640       0x30 contiki-sky.a(contikimac.o)
 .text.input_packet
                0x00007670       0xb6 contiki-sky.a(contikimac.o)
 .text.send_packet.isra.8
                0x00007726      0x20c contiki-sky.a(contikimac.o)
 .text.qsend_list
                0x00007932       0xc6 contiki-sky.a(contikimac.o)
 .text.qsend_packet
                0x000079f8       0x28 contiki-sky.a(contikimac.o)
 .text.powercycle_wrapper
                0x00007a20      0x1ca contiki-sky.a(contikimac.o)
 .text.hdr_length
                0x00007bea        0x8 contiki-sky.a(contikimac-fram)
 .text.parse    0x00007bf2       0x3a contiki-sky.a(contikimac-fram)
 .text.create   0x00007c2c       0x74 contiki-sky.a(contikimac-fram)
 .text.init     0x00007ca0        0x2 contiki-sky.a(nullsec.o)
 .text.send     0x00007ca2        0xa contiki-sky.a(nullsec.o)
 .text.input    0x00007cac        0x6 contiki-sky.a(nullsec.o)
 .text.spi_init
                0x00007cb2       0x30 contiki-sky.a(spi.o)
                0x00007cb2                spi_init
 .text.compower_accumulate
                0x00007ce2       0x72 contiki-sky.a(compower.o)
                0x00007ce2                compower_accumulate
 .text.compower_clear
                0x00007d54       0x12 contiki-sky.a(compower.o)
                0x00007d54                compower_clear
 .text.compower_attrconv
                0x00007d66       0x10 contiki-sky.a(compower.o)
                0x00007d66                compower_attrconv
 .text.memb_init
                0x00007d76       0x36 contiki-sky.a(memb.o)
                0x00007d76                memb_init
 .text.memb_alloc
                0x00007dac       0x3e contiki-sky.a(memb.o)
                0x00007dac                memb_alloc
 .text.memb_free
                0x00007dea       0x3a contiki-sky.a(memb.o)
                0x00007dea                memb_free
 .text.memb_inmemb
                0x00007e24       0x2a contiki-sky.a(memb.o)
                0x00007e24                memb_inmemb
 .text.get_bits_in_byte
                0x00007e4e       0x3a contiki-sky.a(chameleon-bitop)
 .text.header_size
                0x00007e88       0x16 contiki-sky.a(chameleon-bitop)
 .text.get_bits
                0x00007e9e       0xa2 contiki-sky.a(chameleon-bitop)
                0x00007e9e                get_bits
 .text.unpack_header
                0x00007f40       0xd8 contiki-sky.a(chameleon-bitop)
 .text.set_bits
                0x00008018      0x124 contiki-sky.a(chameleon-bitop)
                0x00008018                set_bits
 .text.pack_header
                0x0000813c       0xc6 contiki-sky.a(chameleon-bitop)
 .text.mac_sequence_is_duplicate
                0x00008202       0x6e contiki-sky.a(mac-sequence.o)
                0x00008202                mac_sequence_is_duplicate
 .text.mac_sequence_register_seqno
                0x00008270       0x78 contiki-sky.a(mac-sequence.o)
                0x00008270                mac_sequence_register_seqno
 .text.create_frame.isra.0
                0x000082e8      0x114 contiki-sky.a(framer-802154.o)
 .text.create   0x000083fc        0x8 contiki-sky.a(framer-802154.o)
 .text.hdr_length
                0x00008404        0x8 contiki-sky.a(framer-802154.o)
 .text.parse    0x0000840c       0xa8 contiki-sky.a(framer-802154.o)
 .text.frame802154_get_pan_id
                0x000084b4        0x6 contiki-sky.a(frame802154.o)
                0x000084b4                frame802154_get_pan_id
 .text.frame802154_has_panid
                0x000084ba       0x78 contiki-sky.a(frame802154.o)
                0x000084ba                frame802154_has_panid
 .text.field_len
                0x00008532       0xac contiki-sky.a(frame802154.o)
 .text.frame802154_is_broadcast_addr
                0x000085de       0x28 contiki-sky.a(frame802154.o)
                0x000085de                frame802154_is_broadcast_addr
 .text.frame802154_hdrlen
                0x00008606       0x32 contiki-sky.a(frame802154.o)
                0x00008606                frame802154_hdrlen
 .text.frame802154_create
                0x00008638      0x16a contiki-sky.a(frame802154.o)
                0x00008638                frame802154_create
 .text.frame802154_parse
                0x000087a2      0x200 contiki-sky.a(frame802154.o)
                0x000087a2                frame802154_parse
 .text.libgcc   0x000089a2       0x2c /usr/local/bin/../lib/gcc/msp430/4.7.2/mmpy-16/libgcc.a(_mulsi3.o)
                0x000089a2                __mulsi3
 .text.libgcc   0x000089ce       0x40 /usr/local/bin/../lib/gcc/msp430/4.7.2/mmpy-16/libgcc.a(_udivmod32.o)
                0x000089ce                __udivsi3
                0x000089ce                __ext_udivmod32
                0x00008a04                __umodsi3
 .text.atoi     0x00008a0e       0x8a /usr/local/bin/../lib/gcc/msp430/4.7.2/../../../../msp430/lib/mmpy-16/libc.a(atoi.o)
                0x00008a0e                atoi
 .text.printf   0x00008a98       0x10 /usr/local/bin/../lib/gcc/msp430/4.7.2/../../../../msp430/lib/mmpy-16/libc.a(printf.o)
                0x00008a98                printf
 .text.print_field
                0x00008aa8      0x194 /usr/local/bin/../lib/gcc/msp430/4.7.2/../../../../msp430/lib/mmpy-16/libc.a(vuprintf.o)
 .text.vuprintf
                0x00008c3c      0x63e /usr/local/bin/../lib/gcc/msp430/4.7.2/../../../../msp430/lib/mmpy-16/libc.a(vuprintf.o)
                0x00008c3c                vuprintf
 .text.puts     0x0000927a       0x2c /usr/local/bin/../lib/gcc/msp430/4.7.2/../../../../msp430/lib/mmpy-16/libc.a(puts.o)
                0x0000927a                puts
 .text.rand     0x000092a6       0x26 /usr/local/bin/../lib/gcc/msp430/4.7.2/../../../../msp430/lib/mmpy-16/libc.a(rand.o)
                0x000092a6                rand
 .text.srand    0x000092cc        0xa /usr/local/bin/../lib/gcc/msp430/4.7.2/../../../../msp430/lib/mmpy-16/libc.a(rand.o)
                0x000092cc                srand
 .text.memcmp   0x000092d6       0x30 /usr/local/bin/../lib/gcc/msp430/4.7.2/../../../../msp430/lib/mmpy-16/libc.a(memcmp.o)
                0x000092d6                memcmp
 .text.memcpy   0x00009306       0xfa /usr/local/bin/../lib/gcc/msp430/4.7.2/../../../../msp430/lib/mmpy-16/libc.a(memcpy.o)
                0x00009306                memcpy
 .text.memset   0x00009400       0x6a /usr/local/bin/../lib/gcc/msp430/4.7.2/../../../../msp430/lib/mmpy-16/libc.a(memset.o)
                0x00009400                memset
 .text.libgcc   0x0000946a       0x22 /usr/local/bin/../lib/gcc/msp430/4.7.2/mmpy-16/libgcc.a(_udivmod16.o)
                0x0000946a                __udivhi3
                0x0000946a                __ext_udivmod16
                0x00009484                __umodhi3
 .text.libgcc   0x0000948c       0xf0 /usr/local/bin/../lib/gcc/msp430/4.7.2/mmpy-16/libgcc.a(_udivmod64.o)
                0x0000948c                __xabi_udivmod64
                0x000094ea                __udivdi3
                0x00009510                __umoddi3
                0x0000953e                __udivmoddi4
 .text.crt0     0x0000957c        0x2 /usr/local/bin/../lib/gcc/msp430/4.7.2/mmpy-16/libcrt0.a(_unexpected_.o)
                0x0000957c                _unexpected_
 *(.near.text .near.text.*)

.rodata         0x00009580      0x409
                0x00009580                . = ALIGN (0x2)
 *(.rodata .rodata.* .gnu.linkonce.r.*)
 .rodata        0x00009580      0x1d0 TL.co
                0x00009724                autostart_processes
 .rodata        0x00009750       0xe5 obj_sky/contiki-sky-main.o
 *fill*         0x00009835        0x1 00
 .rodata        0x00009836       0x10 contiki-sky.a(button-sensor.o)
                0x0000983e                button_sensor
 .rodata        0x00009846        0x8 contiki-sky.a(sensors.o)
 *fill*         0x0000984e        0x2 00
 .rodata.get_value
                0x00009850       0x24 contiki-sky.a(cc2420.o)
 .rodata.set_value
                0x00009874       0x10 contiki-sky.a(cc2420.o)
 .rodata        0x00009884       0x3e contiki-sky.a(cc2420.o)
                0x00009884                cc2420_aes_128_driver
                0x00009888                cc2420_driver
 .rodata        0x000098c2        0xf contiki-sky.a(ctimer.o)
 .rodata        0x000098d1        0xc contiki-sky.a(etimer.o)
 .rodata        0x000098dd        0xe contiki-sky.a(serial-line.o)
 *fill*         0x000098eb        0x1 00
 .rodata        0x000098ec        0xc contiki-sky.a(rime.o)
                0x000098f2                rime_driver
 .rodata        0x000098f8        0x4 contiki-sky.a(broadcast-annou)
 .rodata        0x000098fc        0xe contiki-sky.a(runicast.o)
 .rodata        0x0000990a        0x4 contiki-sky.a(stunicast.o)
 .rodata        0x0000990e        0x8 contiki-sky.a(broadcast.o)
 .rodata        0x00009916        0xa contiki-sky.a(unicast.o)
 .rodata        0x00009920        0x2 contiki-sky.a(abc.o)
 .rodata        0x00009922       0x14 contiki-sky.a(csma.o)
                0x00009928                csma_driver
 .rodata        0x00009936        0x2 contiki-sky.a(linkaddr.o)
                0x00009936                linkaddr_null
 .rodata        0x00009938       0x1c contiki-sky.a(contikimac.o)
                0x00009944                contikimac_driver
 .rodata        0x00009954        0x6 contiki-sky.a(contikimac-fram)
                0x00009954                contikimac_framer
 .rodata        0x0000995a       0x10 contiki-sky.a(nullsec.o)
                0x00009962                nullsec_driver
 .rodata        0x0000996a       0x10 contiki-sky.a(chameleon-bitop)
                0x0000996a                chameleon_bitopt
 .rodata        0x0000997a        0x6 contiki-sky.a(framer-802154.o)
                0x0000997a                framer_802154
 .rodata        0x00009980        0x2 contiki-sky.a(frame802154.o)
 .rodata.vuprintf
                0x00009982        0x7 /usr/local/bin/../lib/gcc/msp430/4.7.2/../../../../msp430/lib/mmpy-16/libc.a(vuprintf.o)
 *(.near.rodata .near.rodata.*)
                0x0000998a                . = ALIGN (0x2)
                0x0000998a                _etext = .

.data           0x00001100       0x7e load address 0x0000998a
                0x00001100                . = ALIGN (0x2)
                0x00001100                __data_start = .
 *(.data .data.* .gnu.linkonce.d.*)
 .data          0x00001100       0x16 TL.co
                0x00001100                ToggleLed
                0x0000110a                TrafficScheduler
 .data          0x00001116        0x4 contiki-sky.a(contiki-sky-pla)
                0x00001116                sensors
 .data          0x0000111a        0xa contiki-sky.a(sensors.o)
                0x0000111a                sensors_process
 .data          0x00001124        0xc contiki-sky.a(cc2420.o)
                0x00001124                cc2420_process
 .data          0x00001130        0x2 contiki-sky.a(msp430.o)
 .data          0x00001132        0xa contiki-sky.a(ctimer.o)
                0x00001132                ctimer_process
 .data          0x0000113c        0xa contiki-sky.a(etimer.o)
                0x0000113c                etimer_process
 .data          0x00001146        0xa contiki-sky.a(serial-line.o)
                0x00001146                serial_line_process
 .data          0x00001150       0x18 contiki-sky.a(csma.o)
 .data          0x00001168       0x10 contiki-sky.a(queuebuf.o)
 .data          0x00001178        0x2 contiki-sky.a(frame802154.o)
 .data.next     0x0000117a        0x4 /usr/local/bin/../lib/gcc/msp430/4.7.2/../../../../msp430/lib/mmpy-16/libc.a(rand.o)
 *(.near.data .near.data.*)
                0x0000117e                . = ALIGN (0x2)
                0x0000117e                _edata = .
                0x0000998a                __data_load_start = LOADADDR (.data)
                0x0000007e                __data_size = SIZEOF (.data)

.bss            0x0000117e     0x1214 load address 0x00009a08
                0x0000117e                __bss_start = .
 *(.bss .bss.*)
 .bss           0x0000117e       0x66 TL.co
 .bss           0x000011e4        0xc obj_sky/contiki-sky-main.o
 .bss           0x000011f0        0x8 contiki-sky.a(button-sensor.o)
 .bss           0x000011f8        0x2 contiki-sky.a(node-id.o)
                0x000011f8                node_id
 .bss           0x000011fa        0x6 contiki-sky.a(sensors.o)
 .bss           0x00001200        0xa contiki-sky.a(cc2420.o)
 .bss           0x0000120a       0x9a contiki-sky.a(uart1.o)
 .bss           0x000012a4        0xa contiki-sky.a(clock.o)
 .bss           0x000012ae        0x1 contiki-sky.a(leds.o)
 *fill*         0x000012af        0x1 00
 .bss           0x000012b0        0x2 contiki-sky.a(watchdog.o)
 .bss           0x000012b2        0x4 contiki-sky.a(ctimer.o)
 .bss           0x000012b6        0x6 contiki-sky.a(etimer.o)
 .bss           0x000012bc       0x38 contiki-sky.a(process.o)
                0x000012bc                process_current
                0x000012be                process_list
 .bss           0x000012f4        0x2 contiki-sky.a(rtimer.o)
 .bss           0x000012f6      0x10a contiki-sky.a(serial-line.o)
 .bss           0x00001400        0x2 contiki-sky.a(rime.o)
 .bss           0x00001402       0x46 contiki-sky.a(broadcast-annou)
 .bss           0x00001448        0x6 contiki-sky.a(announcement.o)
 .bss           0x0000144e        0x2 contiki-sky.a(channel.o)
 .bss           0x00001450      0x124 contiki-sky.a(csma.o)
 .bss           0x00001574      0xc20 contiki-sky.a(queuebuf.o)
 .bss           0x00002194       0x86 contiki-sky.a(packetbuf.o)
 .bss           0x0000221a       0x32 contiki-sky.a(contikimac.o)
 .bss           0x0000224c        0x8 contiki-sky.a(compower.o)
 .bss           0x00002254       0x80 contiki-sky.a(mac-sequence.o)
 .bss           0x000022d4        0x2 contiki-sky.a(framer-802154.o)
 *(.near.bss .near.bss.*)
 *(COMMON)
 COMMON         0x000022d6        0x2 contiki-sky.a(contiki-sky-pla)
                0x000022d6                sensors_flags
 COMMON         0x000022d8        0x8 contiki-sky.a(ds2411.o)
                0x000022d8                ds2411_id
 COMMON         0x000022e0        0x1 contiki-sky.a(sensors.o)
                0x000022e0                sensors_event
 *fill*         0x000022e1        0x1 00
 COMMON         0x000022e2       0x10 contiki-sky.a(cc2420.o)
                0x000022e2                cc2420_last_rssi
                0x000022e4                cc2420_sfd_start_time
                0x000022e6                cc2420_time_of_departure
                0x000022e8                cc2420_time_of_arrival
                0x000022ea                cc2420_last_correlation
                0x000022ec                cc2420_authority_level_of_sender
                0x000022ee                cc2420_sfd_counter
                0x000022f0                cc2420_sfd_end_time
 COMMON         0x000022f2        0x2 contiki-sky.a(msp430.o)
                0x000022f2                msp430_dco_required
 COMMON         0x000022f4       0x56 contiki-sky.a(energest.o)
                0x000022f4                energest_total_time
                0x00002324                energest_total_count
                0x00002326                energest_current_mode
                0x00002332                energest_current_time
 COMMON         0x0000234a        0x1 contiki-sky.a(process.o)
                0x0000234a                process_maxevents
 COMMON         0x0000234b        0x1 contiki-sky.a(serial-line.o)
                0x0000234b                serial_line_event_message
 COMMON         0x0000234c       0x3c contiki-sky.a(packetbuf.o)
                0x0000234c                packetbuf_addrs
                0x00002354                packetbuf_attrs
 COMMON         0x00002388        0x2 contiki-sky.a(linkaddr.o)
                0x00002388                linkaddr_node_addr
 COMMON         0x0000238a        0x8 contiki-sky.a(compower.o)
                0x0000238a                compower_idle_activity
                0x00002392                . = ALIGN (0x2)
                0x00002392                __bss_end = .
                0x00001214                __bss_size = SIZEOF (.bss)

.noinit         0x00002392        0x2 load address 0x00009a08
                0x00002392                . = ALIGN (0x2)
                0x00002392                __noinit_start = .
 *(.noinit .noinit.*)
 .noinit.crt0   0x00002392        0x2 /usr/local/bin/../lib/gcc/msp430/4.7.2/mmpy-16/libcrt0.a(__watchdog_support.o)
                0x00002392                __wdt_clear_value
                0x00002394                . = ALIGN (0x2)
                0x00002394                __noinit_end = .
                0x00002394                . = ALIGN (0x2)
                0x00002394                _end = .

.infomem        0x00001000        0x0
                0x00001000                . = ALIGN (0x2)
 *(.infomem .infomem.*)

.infomemnobits  0x00001000        0x0
                0x00001000                . = ALIGN (0x2)
 *(.infomemnobits .infomemnobits.*)

.infoa          0x00001080        0x0
                0x00001080                . = ALIGN (0x2)
 *(.infoa .infoa.*)

.infob          0x00001000        0x0
                0x00001000                . = ALIGN (0x2)
 *(.infob .infob.*)

.infoc          0x00000000        0x0
                0x00000000                . = ALIGN (0x2)
 *(.infoc .infoc.*)

.infod          0x00000000        0x0
                0x00000000                . = ALIGN (0x2)
 *(.infod .infod.*)
                0x0000ffff                PROVIDE (__vte_0, 0xffff)
                0x0000ffff                PROVIDE (__vte_1, 0xffff)
                0x0000ffff                PROVIDE (__vte_2, 0xffff)
                0x0000ffff                PROVIDE (__vte_3, 0xffff)
                0x0000ffff                PROVIDE (__vte_4, 0xffff)
                0x0000ffff                PROVIDE (__vte_5, 0xffff)
                0x0000ffff                PROVIDE (__vte_6, 0xffff)
                0x0000ffff                PROVIDE (__vte_7, 0xffff)
                0x0000ffff                PROVIDE (__vte_8, 0xffff)
                0x0000ffff                PROVIDE (__vte_9, 0xffff)
                0x0000ffff                PROVIDE (__vte_10, 0xffff)
                0x0000ffff                PROVIDE (__vte_11, 0xffff)
                0x0000ffff                PROVIDE (__vte_12, 0xffff)
                0x0000ffff                PROVIDE (__vte_13, 0xffff)
                0x0000ffff                PROVIDE (__vte_14, 0xffff)
                0x0000ffff                PROVIDE (__vte_15, 0xffff)
                0x0000ffff                PROVIDE (__vte_16, 0xffff)
                0x0000ffff                PROVIDE (__vte_17, 0xffff)
                0x0000ffff                PROVIDE (__vte_18, 0xffff)
                0x0000ffff                PROVIDE (__vte_19, 0xffff)
                0x0000ffff                PROVIDE (__vte_20, 0xffff)
                0x0000ffff                PROVIDE (__vte_21, 0xffff)
                0x0000ffff                PROVIDE (__vte_22, 0xffff)
                0x0000ffff                PROVIDE (__vte_23, 0xffff)
                0x0000ffff                PROVIDE (__vte_24, 0xffff)
                0x0000ffff                PROVIDE (__vte_25, 0xffff)
                0x0000ffff                PROVIDE (__vte_26, 0xffff)
                0x0000ffff                PROVIDE (__vte_27, 0xffff)
                0x0000ffff                PROVIDE (__vte_28, 0xffff)
                0x0000ffff                PROVIDE (__vte_29, 0xffff)
                0x0000ffff                PROVIDE (__vte_30, 0xffff)
                0x0000ffff                PROVIDE (__vte_31, 0xffff)

.vectors        0x0000ffe0       0x20
                0x0000ffe0                __vectors_start = .
 *(.vectors*)
 .vectors       0x0000ffe0       0x20 /usr/local/bin/../lib/gcc/msp430/4.7.2/mmpy-16/crt0ivtbl16.o
                0x0000ffe0                __ivtbl_16
                0x00010000                _vectors_end = .

.fartext        0x00000000        0x0
                0x00000000                . = ALIGN (0x2)
 *(.fartext .fartext.*)

.far.text       0x00000000        0x0
                0x00000000                . = ALIGN (0x2)
 *(.far.text .far.text.*)

.far.rodata     0x00000000        0x0
                0x00000000                . = ALIGN (0x2)
 *(.far.rodata .far.rodata.*)
                0x00000000                . = ALIGN (0x2)
                0x00000000                _efartext = .

.far.data       0x00000000        0x0
                0x00000000                . = ALIGN (0x2)
                0x00000000                __far_data_start = .
 *(.far.data .far.data.*)
                0x00000000                . = ALIGN (0x2)
                0x00000000                _efardata = .
                0x00000000                __far_data_load_start = LOADADDR (.far.data)
                0x00000000                __far_data_size = SIZEOF (.far.data)

.far.bss        0x00000000        0x0
                0x00000000                . = ALIGN (0x2)
                0x00000000                __far_bss_start = .
 *(.far.bss .far.bss.*)
                0x00000000                . = ALIGN (0x2)
                0x00000000                __far_bss_end = .
                0x00000000                __far_bss_size = SIZEOF (.far.bss)
                0x00000000                . = ALIGN (0x2)
                0x00000000                _far_end = .

.profiler
 *(.profiler)

.stab           0x00000000    0x1b180
 *(.stab)
 .stab          0x00000000     0x17d0 TL.co
 .stab          0x000017d0     0x1074 obj_sky/contiki-sky-main.o
                               0x17a0 (size before relaxing)
 .stab          0x00002844      0x258 contiki-sky.a(contiki-sky-pla)
                                0x5ac (size before relaxing)
 .stab          0x00002a9c      0x468 contiki-sky.a(button-sensor.o)
                                0x7d4 (size before relaxing)
 .stab          0x00002f04      0x618 contiki-sky.a(ds2411.o)
                                0xb34 (size before relaxing)
 .stab          0x0000351c      0x9d8 contiki-sky.a(xmem.o)
                                0xf00 (size before relaxing)
 .stab          0x00003ef4      0x2b8 contiki-sky.a(node-id.o)
                                0x4e0 (size before relaxing)
 .stab          0x000041ac      0x69c contiki-sky.a(sensors.o)
                                0xbb8 (size before relaxing)
 .stab          0x00004848     0x2898 contiki-sky.a(cc2420.o)
                               0x2fc4 (size before relaxing)
 .stab          0x000070e0      0xa5c contiki-sky.a(cc2420-arch.o)
                               0x13ec (size before relaxing)
 .stab          0x00007b3c      0x600 contiki-sky.a(uart1.o)
                                0x954 (size before relaxing)
 .stab          0x0000813c      0x234 contiki-sky.a(uart1-putchar.o)
                                0x588 (size before relaxing)
 .stab          0x00008370      0x72c contiki-sky.a(msp430.o)
                                0xa80 (size before relaxing)
 .stab          0x00008a9c      0x930 contiki-sky.a(clock.o)
                                0xc84 (size before relaxing)
 .stab          0x000093cc      0x5a0 contiki-sky.a(leds.o)
                                0x7ec (size before relaxing)
 .stab          0x0000996c      0x378 contiki-sky.a(leds-arch.o)
                                0x6cc (size before relaxing)
 .stab          0x00009ce4      0x3cc contiki-sky.a(watchdog.o)
                                0x720 (size before relaxing)
 .stab          0x0000a0b0      0x3b4 contiki-sky.a(rtimer-arch.o)
                                0x708 (size before relaxing)
 .stab          0x0000a464      0x294 contiki-sky.a(autostart.o)
                                0x534 (size before relaxing)
 .stab          0x0000a6f8      0x834 contiki-sky.a(ctimer.o)
                                0xba0 (size before relaxing)
 .stab          0x0000af2c      0x474 contiki-sky.a(energest.o)
                                0x6fc (size before relaxing)
 .stab          0x0000b3a0      0xa80 contiki-sky.a(etimer.o)
                                0xd50 (size before relaxing)
 .stab          0x0000be20      0xb94 contiki-sky.a(process.o)
                               0x102c (size before relaxing)
 .stab          0x0000c9b4      0x3cc contiki-sky.a(rtimer.o)
                                0x6b4 (size before relaxing)
 .stab          0x0000cd80      0x348 contiki-sky.a(timer.o)
                                0x588 (size before relaxing)
 .stab          0x0000d0c8      0x51c contiki-sky.a(serial-line.o)
                                0xa38 (size before relaxing)
 .stab          0x0000d5e4      0x3f0 contiki-sky.a(ringbuf.o)
                                0x630 (size before relaxing)
 .stab          0x0000d9d4      0x7bc contiki-sky.a(list.o)
                                0x7c8 (size before relaxing)
 .stab          0x0000e190      0x21c contiki-sky.a(random.o)
                                0x618 (size before relaxing)
 .stab          0x0000e3ac      0xba0 contiki-sky.a(rime.o)
                               0x13ec (size before relaxing)
 .stab          0x0000ef4c      0x948 contiki-sky.a(broadcast-annou)
                               0x15c0 (size before relaxing)
 .stab          0x0000f894      0x6b4 contiki-sky.a(announcement.o)
                                0x954 (size before relaxing)
 .stab          0x0000ff48      0x8e8 contiki-sky.a(runicast.o)
                               0x156c (size before relaxing)
 .stab          0x00010830      0x87c contiki-sky.a(stunicast.o)
                               0x1500 (size before relaxing)
 .stab          0x000110ac      0x5dc contiki-sky.a(chameleon.o)
                               0x1230 (size before relaxing)
 .stab          0x00011688      0x600 contiki-sky.a(channel.o)
                               0x1278 (size before relaxing)
 .stab          0x00011c88      0x6cc contiki-sky.a(broadcast.o)
                               0x14f4 (size before relaxing)
 .stab          0x00012354      0x618 contiki-sky.a(unicast.o)
                               0x1290 (size before relaxing)
 .stab          0x0001296c      0x660 contiki-sky.a(abc.o)
                               0x1488 (size before relaxing)
 .stab          0x00012fcc      0xcd8 contiki-sky.a(csma.o)
                               0x1668 (size before relaxing)
 .stab          0x00013ca4      0x1f8 contiki-sky.a(mac.o)
                                0x4ec (size before relaxing)
 .stab          0x00013e9c      0xa38 contiki-sky.a(queuebuf.o)
                               0x1860 (size before relaxing)
 .stab          0x000148d4      0xc48 contiki-sky.a(packetbuf.o)
                               0x1a88 (size before relaxing)
 .stab          0x0001551c      0x2ac contiki-sky.a(linkaddr.o)
                                0x6a8 (size before relaxing)
 .stab          0x000157c8     0x1770 contiki-sky.a(contikimac.o)
                               0x2334 (size before relaxing)
 .stab          0x00016f38      0x810 contiki-sky.a(contikimac-fram)
                                0xe4c (size before relaxing)
 .stab          0x00017748      0x39c contiki-sky.a(nullsec.o)
                                0xccc (size before relaxing)
 .stab          0x00017ae4      0x1f8 contiki-sky.a(spi.o)
                                0x420 (size before relaxing)
 .stab          0x00017cdc      0x4ec contiki-sky.a(compower.o)
                                0xcf0 (size before relaxing)
 .stab          0x000181c8      0x5c4 contiki-sky.a(memb.o)
                                0xaf8 (size before relaxing)
 .stab          0x0001878c      0xd44 contiki-sky.a(chameleon-bitop)
                               0x19bc (size before relaxing)
 .stab          0x000194d0      0x63c contiki-sky.a(mac-sequence.o)
                               0x147c (size before relaxing)
 .stab          0x00019b0c      0x6d8 contiki-sky.a(framer-802154.o)
                                0xf18 (size before relaxing)
 .stab          0x0001a1e4      0xf9c contiki-sky.a(frame802154.o)
                               0x1788 (size before relaxing)

.stabstr        0x00000000    0x16099
 *(.stabstr)
 .stabstr       0x00000000    0x16099 TL.co

.stab.excl
 *(.stab.excl)

.stab.exclstr
 *(.stab.exclstr)

.stab.index
 *(.stab.index)

.stab.indexstr
 *(.stab.indexstr)

.comment        0x00000000       0x30
 *(.comment)
 .comment       0x00000000       0x30 TL.co
                                 0x31 (size before relaxing)
 .comment       0x00000000       0x31 obj_sky/contiki-sky-main.o
 .comment       0x00000000       0x31 contiki-sky.a(contiki-sky-pla)
 .comment       0x00000000       0x31 contiki-sky.a(button-sensor.o)
 .comment       0x00000000       0x31 contiki-sky.a(ds2411.o)
 .comment       0x00000000       0x31 contiki-sky.a(xmem.o)
 .comment       0x00000000       0x31 contiki-sky.a(node-id.o)
 .comment       0x00000000       0x31 contiki-sky.a(sensors.o)
 .comment       0x00000000       0x31 contiki-sky.a(cc2420.o)
 .comment       0x00000000       0x31 contiki-sky.a(cc2420-arch.o)
 .comment       0x00000000       0x31 contiki-sky.a(uart1.o)
 .comment       0x00000000       0x31 contiki-sky.a(uart1-putchar.o)
 .comment       0x00000000       0x31 contiki-sky.a(msp430.o)
 .comment       0x00000000       0x31 contiki-sky.a(clock.o)
 .comment       0x00000000       0x31 contiki-sky.a(leds.o)
 .comment       0x00000000       0x31 contiki-sky.a(leds-arch.o)
 .comment       0x00000000       0x31 contiki-sky.a(watchdog.o)
 .comment       0x00000000       0x31 contiki-sky.a(rtimer-arch.o)
 .comment       0x00000000       0x31 contiki-sky.a(autostart.o)
 .comment       0x00000000       0x31 contiki-sky.a(ctimer.o)
 .comment       0x00000000       0x31 contiki-sky.a(energest.o)
 .comment       0x00000000       0x31 contiki-sky.a(etimer.o)
 .comment       0x00000000       0x31 contiki-sky.a(process.o)
 .comment       0x00000000       0x31 contiki-sky.a(rtimer.o)
 .comment       0x00000000       0x31 contiki-sky.a(timer.o)
 .comment       0x00000000       0x31 contiki-sky.a(serial-line.o)
 .comment       0x00000000       0x31 contiki-sky.a(ringbuf.o)
 .comment       0x00000000       0x31 contiki-sky.a(list.o)
 .comment       0x00000000       0x31 contiki-sky.a(random.o)
 .comment       0x00000000       0x31 contiki-sky.a(rime.o)
 .comment       0x00000000       0x31 contiki-sky.a(broadcast-annou)
 .comment       0x00000000       0x31 contiki-sky.a(announcement.o)
 .comment       0x00000000       0x31 contiki-sky.a(runicast.o)
 .comment       0x00000000       0x31 contiki-sky.a(stunicast.o)
 .comment       0x00000000       0x31 contiki-sky.a(chameleon.o)
 .comment       0x00000000       0x31 contiki-sky.a(channel.o)
 .comment       0x00000000       0x31 contiki-sky.a(broadcast.o)
 .comment       0x00000000       0x31 contiki-sky.a(unicast.o)
 .comment       0x00000000       0x31 contiki-sky.a(abc.o)
 .comment       0x00000000       0x31 contiki-sky.a(csma.o)
 .comment       0x00000000       0x31 contiki-sky.a(mac.o)
 .comment       0x00000000       0x31 contiki-sky.a(queuebuf.o)
 .comment       0x00000000       0x31 contiki-sky.a(packetbuf.o)
 .comment       0x00000000       0x31 contiki-sky.a(linkaddr.o)
 .comment       0x00000000       0x31 contiki-sky.a(contikimac.o)
 .comment       0x00000000       0x31 contiki-sky.a(contikimac-fram)
 .comment       0x00000000       0x31 contiki-sky.a(nullsec.o)
 .comment       0x00000000       0x31 contiki-sky.a(spi.o)
 .comment       0x00000000       0x31 contiki-sky.a(compower.o)
 .comment       0x00000000       0x31 contiki-sky.a(memb.o)
 .comment       0x00000000       0x31 contiki-sky.a(chameleon-bitop)
 .comment       0x00000000       0x31 contiki-sky.a(mac-sequence.o)
 .comment       0x00000000       0x31 contiki-sky.a(framer-802154.o)
 .comment       0x00000000       0x31 contiki-sky.a(frame802154.o)
 .comment       0x00000000       0x31 /usr/local/bin/../lib/gcc/msp430/4.7.2/../../../../msp430/lib/mmpy-16/libc.a(atoi.o)
 .comment       0x00000000       0x31 /usr/local/bin/../lib/gcc/msp430/4.7.2/../../../../msp430/lib/mmpy-16/libc.a(printf.o)
 .comment       0x00000000       0x31 /usr/local/bin/../lib/gcc/msp430/4.7.2/../../../../msp430/lib/mmpy-16/libc.a(vuprintf.o)
 .comment       0x00000000       0x31 /usr/local/bin/../lib/gcc/msp430/4.7.2/../../../../msp430/lib/mmpy-16/libc.a(puts.o)
 .comment       0x00000000       0x31 /usr/local/bin/../lib/gcc/msp430/4.7.2/../../../../msp430/lib/mmpy-16/libc.a(rand.o)
 .comment       0x00000000       0x31 /usr/local/bin/../lib/gcc/msp430/4.7.2/../../../../msp430/lib/mmpy-16/libc.a(memcmp.o)
 .comment       0x00000000       0x31 /usr/local/bin/../lib/gcc/msp430/4.7.2/../../../../msp430/lib/mmpy-16/libc.a(memcpy.o)
 .comment       0x00000000       0x31 /usr/local/bin/../lib/gcc/msp430/4.7.2/../../../../msp430/lib/mmpy-16/libc.a(memset.o)

.debug
 *(.debug)

.line
 *(.line)

.debug_srcinfo
 *(.debug_srcinfo)

.debug_sfnames
 *(.debug_sfnames)

.debug_aranges  0x00000000      0x18c
 *(.debug_aranges)
 .debug_aranges
                0x00000000       0x14 /usr/local/bin/../lib/gcc/msp430/4.7.2/mmpy-16/crt0ivtbl16.o
 .debug_aranges
                0x00000014       0x14 /usr/local/bin/../lib/gcc/msp430/4.7.2/mmpy-16/libgcc.a(_mulsi3.o)
 .debug_aranges
                0x00000028       0x14 /usr/local/bin/../lib/gcc/msp430/4.7.2/mmpy-16/libgcc.a(_udivmod32.o)
 .debug_aranges
                0x0000003c       0x14 /usr/local/bin/../lib/gcc/msp430/4.7.2/../../../../msp430/lib/mmpy-16/libc.a(atoi.o)
 .debug_aranges
                0x00000050       0x18 /usr/local/bin/../lib/gcc/msp430/4.7.2/../../../../msp430/lib/mmpy-16/libc.a(printf.o)
 .debug_aranges
                0x00000068       0x18 /usr/local/bin/../lib/gcc/msp430/4.7.2/../../../../msp430/lib/mmpy-16/libc.a(vuprintf.o)
 .debug_aranges
                0x00000080       0x14 /usr/local/bin/../lib/gcc/msp430/4.7.2/../../../../msp430/lib/mmpy-16/libc.a(puts.o)
 .debug_aranges
                0x00000094       0x1c /usr/local/bin/../lib/gcc/msp430/4.7.2/../../../../msp430/lib/mmpy-16/libc.a(rand.o)
 .debug_aranges
                0x000000b0       0x14 /usr/local/bin/../lib/gcc/msp430/4.7.2/../../../../msp430/lib/mmpy-16/libc.a(memcmp.o)
 .debug_aranges
                0x000000c4       0x14 /usr/local/bin/../lib/gcc/msp430/4.7.2/../../../../msp430/lib/mmpy-16/libc.a(memcpy.o)
 .debug_aranges
                0x000000d8       0x14 /usr/local/bin/../lib/gcc/msp430/4.7.2/../../../../msp430/lib/mmpy-16/libc.a(memset.o)
 .debug_aranges
                0x000000ec       0x14 /usr/local/bin/../lib/gcc/msp430/4.7.2/mmpy-16/libgcc.a(_udivmod16.o)
 .debug_aranges
                0x00000100       0x14 /usr/local/bin/../lib/gcc/msp430/4.7.2/mmpy-16/libgcc.a(_udivmod64.o)
 .debug_aranges
                0x00000114       0x14 /usr/local/bin/../lib/gcc/msp430/4.7.2/mmpy-16/libcrt0.a(__watchdog_support.o)
 .debug_aranges
                0x00000128       0x14 /usr/local/bin/../lib/gcc/msp430/4.7.2/mmpy-16/libcrt0.a(__init_stack.o)
 .debug_aranges
                0x0000013c       0x14 /usr/local/bin/../lib/gcc/msp430/4.7.2/mmpy-16/libcrt0.a(_copy_data.o)
 .debug_aranges
                0x00000150       0x14 /usr/local/bin/../lib/gcc/msp430/4.7.2/mmpy-16/libcrt0.a(_clear_bss.o)
 .debug_aranges
                0x00000164       0x14 /usr/local/bin/../lib/gcc/msp430/4.7.2/mmpy-16/libcrt0.a(_endless_loop__.o)
 .debug_aranges
                0x00000178       0x14 /usr/local/bin/../lib/gcc/msp430/4.7.2/mmpy-16/libcrt0.a(_unexpected_.o)

.debug_pubnames
 *(.debug_pubnames)

.debug_info     0x00000000     0x132b
 *(.debug_info)
 .debug_info    0x00000000       0x8f /usr/local/bin/../lib/gcc/msp430/4.7.2/mmpy-16/crt0ivtbl16.o
 .debug_info    0x0000008f       0x8c /usr/local/bin/../lib/gcc/msp430/4.7.2/mmpy-16/libgcc.a(_mulsi3.o)
 .debug_info    0x0000011b       0x8c /usr/local/bin/../lib/gcc/msp430/4.7.2/mmpy-16/libgcc.a(_udivmod32.o)
 .debug_info    0x000001a7       0xb9 /usr/local/bin/../lib/gcc/msp430/4.7.2/../../../../msp430/lib/mmpy-16/libc.a(atoi.o)
 .debug_info    0x00000260      0x16e /usr/local/bin/../lib/gcc/msp430/4.7.2/../../../../msp430/lib/mmpy-16/libc.a(printf.o)
 .debug_info    0x000003ce      0x5d4 /usr/local/bin/../lib/gcc/msp430/4.7.2/../../../../msp430/lib/mmpy-16/libc.a(vuprintf.o)
 .debug_info    0x000009a2       0xc7 /usr/local/bin/../lib/gcc/msp430/4.7.2/../../../../msp430/lib/mmpy-16/libc.a(puts.o)
 .debug_info    0x00000a69      0x146 /usr/local/bin/../lib/gcc/msp430/4.7.2/../../../../msp430/lib/mmpy-16/libc.a(rand.o)
 .debug_info    0x00000baf       0xe5 /usr/local/bin/../lib/gcc/msp430/4.7.2/../../../../msp430/lib/mmpy-16/libc.a(memcmp.o)
 .debug_info    0x00000c94      0x12c /usr/local/bin/../lib/gcc/msp430/4.7.2/../../../../msp430/lib/mmpy-16/libc.a(memcpy.o)
 .debug_info    0x00000dc0      0x117 /usr/local/bin/../lib/gcc/msp430/4.7.2/../../../../msp430/lib/mmpy-16/libc.a(memset.o)
 .debug_info    0x00000ed7       0x8c /usr/local/bin/../lib/gcc/msp430/4.7.2/mmpy-16/libgcc.a(_udivmod16.o)
 .debug_info    0x00000f63       0x8c /usr/local/bin/../lib/gcc/msp430/4.7.2/mmpy-16/libgcc.a(_udivmod64.o)
 .debug_info    0x00000fef       0x8a /usr/local/bin/../lib/gcc/msp430/4.7.2/mmpy-16/libcrt0.a(__watchdog_support.o)
 .debug_info    0x00001079       0x8a /usr/local/bin/../lib/gcc/msp430/4.7.2/mmpy-16/libcrt0.a(__init_stack.o)
 .debug_info    0x00001103       0x8a /usr/local/bin/../lib/gcc/msp430/4.7.2/mmpy-16/libcrt0.a(_copy_data.o)
 .debug_info    0x0000118d       0x8a /usr/local/bin/../lib/gcc/msp430/4.7.2/mmpy-16/libcrt0.a(_clear_bss.o)
 .debug_info    0x00001217       0x8a /usr/local/bin/../lib/gcc/msp430/4.7.2/mmpy-16/libcrt0.a(_endless_loop__.o)
 .debug_info    0x000012a1       0x8a /usr/local/bin/../lib/gcc/msp430/4.7.2/mmpy-16/libcrt0.a(_unexpected_.o)
 *(.gnu.linkonce.wi.*)

.debug_abbrev   0x00000000      0x81f
 *(.debug_abbrev)
 .debug_abbrev  0x00000000       0x14 /usr/local/bin/../lib/gcc/msp430/4.7.2/mmpy-16/crt0ivtbl16.o
 .debug_abbrev  0x00000014       0x14 /usr/local/bin/../lib/gcc/msp430/4.7.2/mmpy-16/libgcc.a(_mulsi3.o)
 .debug_abbrev  0x00000028       0x14 /usr/local/bin/../lib/gcc/msp430/4.7.2/mmpy-16/libgcc.a(_udivmod32.o)
 .debug_abbrev  0x0000003c       0x83 /usr/local/bin/../lib/gcc/msp430/4.7.2/../../../../msp430/lib/mmpy-16/libc.a(atoi.o)
 .debug_abbrev  0x000000bf       0xfa /usr/local/bin/../lib/gcc/msp430/4.7.2/../../../../msp430/lib/mmpy-16/libc.a(printf.o)
 .debug_abbrev  0x000001b9      0x23e /usr/local/bin/../lib/gcc/msp430/4.7.2/../../../../msp430/lib/mmpy-16/libc.a(vuprintf.o)
 .debug_abbrev  0x000003f7       0xa3 /usr/local/bin/../lib/gcc/msp430/4.7.2/../../../../msp430/lib/mmpy-16/libc.a(puts.o)
 .debug_abbrev  0x0000049a       0xfb /usr/local/bin/../lib/gcc/msp430/4.7.2/../../../../msp430/lib/mmpy-16/libc.a(rand.o)
 .debug_abbrev  0x00000595       0x9e /usr/local/bin/../lib/gcc/msp430/4.7.2/../../../../msp430/lib/mmpy-16/libc.a(memcmp.o)
 .debug_abbrev  0x00000633       0xab /usr/local/bin/../lib/gcc/msp430/4.7.2/../../../../msp430/lib/mmpy-16/libc.a(memcpy.o)
 .debug_abbrev  0x000006de       0xa1 /usr/local/bin/../lib/gcc/msp430/4.7.2/../../../../msp430/lib/mmpy-16/libc.a(memset.o)
 .debug_abbrev  0x0000077f       0x14 /usr/local/bin/../lib/gcc/msp430/4.7.2/mmpy-16/libgcc.a(_udivmod16.o)
 .debug_abbrev  0x00000793       0x14 /usr/local/bin/../lib/gcc/msp430/4.7.2/mmpy-16/libgcc.a(_udivmod64.o)
 .debug_abbrev  0x000007a7       0x14 /usr/local/bin/../lib/gcc/msp430/4.7.2/mmpy-16/libcrt0.a(__watchdog_support.o)
 .debug_abbrev  0x000007bb       0x14 /usr/local/bin/../lib/gcc/msp430/4.7.2/mmpy-16/libcrt0.a(__init_stack.o)
 .debug_abbrev  0x000007cf       0x14 /usr/local/bin/../lib/gcc/msp430/4.7.2/mmpy-16/libcrt0.a(_copy_data.o)
 .debug_abbrev  0x000007e3       0x14 /usr/local/bin/../lib/gcc/msp430/4.7.2/mmpy-16/libcrt0.a(_clear_bss.o)
 .debug_abbrev  0x000007f7       0x14 /usr/local/bin/../lib/gcc/msp430/4.7.2/mmpy-16/libcrt0.a(_endless_loop__.o)
 .debug_abbrev  0x0000080b       0x14 /usr/local/bin/../lib/gcc/msp430/4.7.2/mmpy-16/libcrt0.a(_unexpected_.o)

.debug_line     0x00000000      0xc69
 *(.debug_line)
 .debug_line    0x00000000       0x64 /usr/local/bin/../lib/gcc/msp430/4.7.2/mmpy-16/crt0ivtbl16.o
 .debug_line    0x00000064       0x77 /usr/local/bin/../lib/gcc/msp430/4.7.2/mmpy-16/libgcc.a(_mulsi3.o)
 .debug_line    0x000000db       0x7f /usr/local/bin/../lib/gcc/msp430/4.7.2/mmpy-16/libgcc.a(_udivmod32.o)
 .debug_line    0x0000015a       0x6e /usr/local/bin/../lib/gcc/msp430/4.7.2/../../../../msp430/lib/mmpy-16/libc.a(atoi.o)
 .debug_line    0x000001c8       0xa9 /usr/local/bin/../lib/gcc/msp430/4.7.2/../../../../msp430/lib/mmpy-16/libc.a(printf.o)
 .debug_line    0x00000271      0x30a /usr/local/bin/../lib/gcc/msp430/4.7.2/../../../../msp430/lib/mmpy-16/libc.a(vuprintf.o)
 .debug_line    0x0000057b       0x65 /usr/local/bin/../lib/gcc/msp430/4.7.2/../../../../msp430/lib/mmpy-16/libc.a(puts.o)
 .debug_line    0x000005e0       0x68 /usr/local/bin/../lib/gcc/msp430/4.7.2/../../../../msp430/lib/mmpy-16/libc.a(rand.o)
 .debug_line    0x00000648       0x8f /usr/local/bin/../lib/gcc/msp430/4.7.2/../../../../msp430/lib/mmpy-16/libc.a(memcmp.o)
 .debug_line    0x000006d7      0x118 /usr/local/bin/../lib/gcc/msp430/4.7.2/../../../../msp430/lib/mmpy-16/libc.a(memcpy.o)
 .debug_line    0x000007ef       0xf2 /usr/local/bin/../lib/gcc/msp430/4.7.2/../../../../msp430/lib/mmpy-16/libc.a(memset.o)
 .debug_line    0x000008e1       0x70 /usr/local/bin/../lib/gcc/msp430/4.7.2/mmpy-16/libgcc.a(_udivmod16.o)
 .debug_line    0x00000951       0xc9 /usr/local/bin/../lib/gcc/msp430/4.7.2/mmpy-16/libgcc.a(_udivmod64.o)
 .debug_line    0x00000a1a       0x62 /usr/local/bin/../lib/gcc/msp430/4.7.2/mmpy-16/libcrt0.a(__watchdog_support.o)
 .debug_line    0x00000a7c       0x60 /usr/local/bin/../lib/gcc/msp430/4.7.2/mmpy-16/libcrt0.a(__init_stack.o)
 .debug_line    0x00000adc       0x66 /usr/local/bin/../lib/gcc/msp430/4.7.2/mmpy-16/libcrt0.a(_copy_data.o)
 .debug_line    0x00000b42       0x66 /usr/local/bin/../lib/gcc/msp430/4.7.2/mmpy-16/libcrt0.a(_clear_bss.o)
 .debug_line    0x00000ba8       0x61 /usr/local/bin/../lib/gcc/msp430/4.7.2/mmpy-16/libcrt0.a(_endless_loop__.o)
 .debug_line    0x00000c09       0x60 /usr/local/bin/../lib/gcc/msp430/4.7.2/mmpy-16/libcrt0.a(_unexpected_.o)

.debug_frame    0x00000000      0x1da
 *(.debug_frame)
 .debug_frame   0x00000000       0x24 /usr/local/bin/../lib/gcc/msp430/4.7.2/../../../../msp430/lib/mmpy-16/libc.a(atoi.o)
 .debug_frame   0x00000024       0x2a /usr/local/bin/../lib/gcc/msp430/4.7.2/../../../../msp430/lib/mmpy-16/libc.a(printf.o)
 .debug_frame   0x0000004e       0xa0 /usr/local/bin/../lib/gcc/msp430/4.7.2/../../../../msp430/lib/mmpy-16/libc.a(vuprintf.o)
 .debug_frame   0x000000ee       0x24 /usr/local/bin/../lib/gcc/msp430/4.7.2/../../../../msp430/lib/mmpy-16/libc.a(puts.o)
 .debug_frame   0x00000112       0x3c /usr/local/bin/../lib/gcc/msp430/4.7.2/../../../../msp430/lib/mmpy-16/libc.a(rand.o)
 .debug_frame   0x0000014e       0x28 /usr/local/bin/../lib/gcc/msp430/4.7.2/../../../../msp430/lib/mmpy-16/libc.a(memcmp.o)
 .debug_frame   0x00000176       0x32 /usr/local/bin/../lib/gcc/msp430/4.7.2/../../../../msp430/lib/mmpy-16/libc.a(memcpy.o)
 .debug_frame   0x000001a8       0x32 /usr/local/bin/../lib/gcc/msp430/4.7.2/../../../../msp430/lib/mmpy-16/libc.a(memset.o)

.debug_str      0x00000000      0x3e4
 *(.debug_str)
 .debug_str     0x00000000       0xb3 /usr/local/bin/../lib/gcc/msp430/4.7.2/../../../../msp430/lib/mmpy-16/libc.a(atoi.o)
                                 0xec (size before relaxing)
 .debug_str     0x000000b3       0x49 /usr/local/bin/../lib/gcc/msp430/4.7.2/../../../../msp430/lib/mmpy-16/libc.a(printf.o)
                                0x12a (size before relaxing)
 .debug_str     0x000000fc      0x218 /usr/local/bin/../lib/gcc/msp430/4.7.2/../../../../msp430/lib/mmpy-16/libc.a(vuprintf.o)
                                0x375 (size before relaxing)
 .debug_str     0x00000314       0x1d /usr/local/bin/../lib/gcc/msp430/4.7.2/../../../../msp430/lib/mmpy-16/libc.a(puts.o)
                                 0xef (size before relaxing)
 .debug_str     0x00000331       0x2f /usr/local/bin/../lib/gcc/msp430/4.7.2/../../../../msp430/lib/mmpy-16/libc.a(rand.o)
                                0x106 (size before relaxing)
 .debug_str     0x00000360       0x20 /usr/local/bin/../lib/gcc/msp430/4.7.2/../../../../msp430/lib/mmpy-16/libc.a(memcmp.o)
                                 0xf2 (size before relaxing)
 .debug_str     0x00000380       0x3e /usr/local/bin/../lib/gcc/msp430/4.7.2/../../../../msp430/lib/mmpy-16/libc.a(memcpy.o)
                                0x120 (size before relaxing)
 .debug_str     0x000003be       0x26 /usr/local/bin/../lib/gcc/msp430/4.7.2/../../../../msp430/lib/mmpy-16/libc.a(memset.o)
                                0x11e (size before relaxing)

.debug_loc      0x00000000      0xc7b
 *(.debug_loc)
 .debug_loc     0x00000000       0x9a /usr/local/bin/../lib/gcc/msp430/4.7.2/../../../../msp430/lib/mmpy-16/libc.a(atoi.o)
 .debug_loc     0x0000009a       0x4c /usr/local/bin/../lib/gcc/msp430/4.7.2/../../../../msp430/lib/mmpy-16/libc.a(printf.o)
 .debug_loc     0x000000e6      0x80f /usr/local/bin/../lib/gcc/msp430/4.7.2/../../../../msp430/lib/mmpy-16/libc.a(vuprintf.o)
 .debug_loc     0x000008f5       0x26 /usr/local/bin/../lib/gcc/msp430/4.7.2/../../../../msp430/lib/mmpy-16/libc.a(puts.o)
 .debug_loc     0x0000091b       0x4f /usr/local/bin/../lib/gcc/msp430/4.7.2/../../../../msp430/lib/mmpy-16/libc.a(rand.o)
 .debug_loc     0x0000096a       0x4d /usr/local/bin/../lib/gcc/msp430/4.7.2/../../../../msp430/lib/mmpy-16/libc.a(memcmp.o)
 .debug_loc     0x000009b7      0x1e3 /usr/local/bin/../lib/gcc/msp430/4.7.2/../../../../msp430/lib/mmpy-16/libc.a(memcpy.o)
 .debug_loc     0x00000b9a       0xe1 /usr/local/bin/../lib/gcc/msp430/4.7.2/../../../../msp430/lib/mmpy-16/libc.a(memset.o)

.debug_macinfo
 *(.debug_macinfo)

.debug_pubtypes
 *(.debug_pubtypes)

.debug_ranges   0x00000000       0x68
 *(.debug_ranges)
 .debug_ranges  0x00000000        0x8 /usr/local/bin/../lib/gcc/msp430/4.7.2/../../../../msp430/lib/mmpy-16/libc.a(atoi.o)
 .debug_ranges  0x00000008        0xc /usr/local/bin/../lib/gcc/msp430/4.7.2/../../../../msp430/lib/mmpy-16/libc.a(printf.o)
 .debug_ranges  0x00000014       0x24 /usr/local/bin/../lib/gcc/msp430/4.7.2/../../../../msp430/lib/mmpy-16/libc.a(vuprintf.o)
 .debug_ranges  0x00000038        0x8 /usr/local/bin/../lib/gcc/msp430/4.7.2/../../../../msp430/lib/mmpy-16/libc.a(puts.o)
 .debug_ranges  0x00000040       0x10 /usr/local/bin/../lib/gcc/msp430/4.7.2/../../../../msp430/lib/mmpy-16/libc.a(rand.o)
 .debug_ranges  0x00000050        0x8 /usr/local/bin/../lib/gcc/msp430/4.7.2/../../../../msp430/lib/mmpy-16/libc.a(memcmp.o)
 .debug_ranges  0x00000058        0x8 /usr/local/bin/../lib/gcc/msp430/4.7.2/../../../../msp430/lib/mmpy-16/libc.a(memcpy.o)
 .debug_ranges  0x00000060        0x8 /usr/local/bin/../lib/gcc/msp430/4.7.2/../../../../msp430/lib/mmpy-16/libc.a(memset.o)
                0x00003900                PROVIDE (__stack, (ORIGIN (ram) + 0x2800))
                0x0000998a                __data_start_rom = _etext
                0x00009a08                __data_end_rom = (_etext + SIZEOF (.data))
OUTPUT(TL.sky elf32-msp430)
